W/dalvikvm( 6859): Link of class 'Lcom/magtek/mobile/android/scra/BaseObject;' failed
W/dalvikvm( 6859): Unable to resolve superclass of Lcom/magtek/mobile/android/scra/StatusCode; (109)
W/dalvikvm( 6859): Link of class 'Lcom/magtek/mobile/android/scra/StatusCode;' failed
W/dalvikvm( 6859): VFY: unable to resolve instance field 191
D/dalvikvm( 6859): VFY: replacing opcode 0x59 at 0x0017
I/dalvikvm( 6859): Failed resolving Lcom/magtek/mobile/android/scra/BaseObject; interface 558 'Lorg/ksoap2/serialization/KvmSerializable;'
W/dalvikvm( 6859): Link of class 'Lcom/magtek/mobile/android/scra/BaseObject;' failed
W/dalvikvm( 6859): Unable to resolve superclass of Lcom/magtek/mobile/android/scra/StatusCode; (109)
W/dalvikvm( 6859): Link of class 'Lcom/magtek/mobile/android/scra/StatusCode;' failed
W/dalvikvm( 6859): VFY: unable to resolve instance field 195
D/dalvikvm( 6859): VFY: replacing opcode 0x5b at 0x0024
I/dalvikvm( 6859): Failed resolving Lcom/magtek/mobile/android/scra/BaseObject; interface 558 'Lorg/ksoap2/serialization/KvmSerializable;'
W/dalvikvm( 6859): Link of class 'Lcom/magtek/mobile/android/scra/BaseObject;' failed
W/dalvikvm( 6859): Unable to resolve superclass of Lcom/magtek/mobile/android/scra/ProcessMessageRequest; (109)
W/dalvikvm( 6859): Link of class 'Lcom/magtek/mobile/android/scra/ProcessMessageRequest;' failed
W/dalvikvm( 6859): VFY: unable to find class referenced in signature (Lcom/magtek/mobile/android/scra/ProcessMessageRequest;)
I/dalvikvm( 6859): Failed resolving Lcom/magtek/mobile/android/scra/BaseObject; interface 558 'Lorg/ksoap2/serialization/KvmSerializable;'
W/dalvikvm( 6859): Link of class 'Lcom/magtek/mobile/android/scra/BaseObject;' failed
W/dalvikvm( 6859): Unable to resolve superclass of Lcom/magtek/mobile/android/scra/ProcessMessageResponse; (109)
W/dalvikvm( 6859): Link of class 'Lcom/magtek/mobile/android/scra/ProcessMessageResponse;' failed
W/dalvikvm( 6859): VFY: unable to find class referenced in signature (Lcom/magtek/mobile/android/scra/ProcessMessageResponse;)
I/dalvikvm( 6859): Failed resolving Lcom/magtek/mobile/android/scra/BaseObject; interface 558 'Lorg/ksoap2/serialization/KvmSerializable;'
W/dalvikvm( 6859): Link of class 'Lcom/magtek/mobile/android/scra/BaseObject;' failed
W/dalvikvm( 6859): Unable to resolve superclass of Lcom/magtek/mobile/android/scra/ProcessMessageRequest; (109)
W/dalvikvm( 6859): Link of class 'Lcom/magtek/mobile/android/scra/ProcessMessageRequest;' failed
W/dalvikvm( 6859): VFY: unable to find class referenced in signature (Lcom/magtek/mobile/android/scra/ProcessMessageRequest;)
I/dalvikvm( 6859): Failed resolving Lcom/magtek/mobile/android/scra/BaseObject; interface 558 'Lorg/ksoap2/serialization/KvmSerializable;'
W/dalvikvm( 6859): Link of class 'Lcom/magtek/mobile/android/scra/BaseObject;' failed
W/dalvikvm( 6859): Unable to resolve superclass of Lcom/magtek/mobile/android/scra/ProcessMessageResponse; (109)
W/dalvikvm( 6859): Link of class 'Lcom/magtek/mobile/android/scra/ProcessMessageResponse;' failed
W/dalvikvm( 6859): VFY: unable to find class referenced in signature (Lcom/magtek/mobile/android/scra/ProcessMessageResponse;)
I/dalvikvm( 6859): Failed resolving Lcom/magtek/mobile/android/scra/BaseObject; interface 558 'Lorg/ksoap2/serialization/KvmSerializable;'
W/dalvikvm( 6859): Link of class 'Lcom/magtek/mobile/android/scra/BaseObject;' failed
W/dalvikvm( 6859): Unable to resolve superclass of Lcom/magtek/mobile/android/scra/ProcessMessageRequest; (109)
W/dalvikvm( 6859): Link of class 'Lcom/magtek/mobile/android/scra/ProcessMessageRequest;' failed
W/dalvikvm( 6859): VFY: unable to find class referenced in signature (Lcom/magtek/mobile/android/scra/ProcessMessageRequest;)
I/dalvikvm( 6859): Failed resolving Lcom/magtek/mobile/android/scra/BaseObject; interface 558 'Lorg/ksoap2/serialization/KvmSerializable;'
W/dalvikvm( 6859): Link of class 'Lcom/magtek/mobile/android/scra/BaseObject;' failed
W/dalvikvm( 6859): Unable to resolve superclass of Lcom/magtek/mobile/android/scra/ProcessMessageResponse; (109)
W/dalvikvm( 6859): Link of class 'Lcom/magtek/mobile/android/scra/ProcessMessageResponse;' failed
W/dalvikvm( 6859): VFY: unable to find class referenced in signature (Lcom/magtek/mobile/android/scra/ProcessMessageResponse;)
E/dalvikvm( 6859): Could not find class 'org.ksoap2.serialization.SoapObject', referenced from method com.magtek.mobile.android.scra.ConfigurationWS.getConfigurationXML
W/dalvikvm( 6859): VFY: unable to resolve new-instance 560 (Lorg/ksoap2/serialization/SoapObject;) in Lcom/magtek/mobile/android/scra/ConfigurationWS;
D/dalvikvm( 6859): VFY: replacing opcode 0x22 at 0x0002
I/dalvikvm( 6859): Failed resolving Lcom/magtek/mobile/android/scra/BaseObject; interface 558 'Lorg/ksoap2/serialization/KvmSerializable;'
W/dalvikvm( 6859): Link of class 'Lcom/magtek/mobile/android/scra/BaseObject;' failed
W/dalvikvm( 6859): Unable to resolve superclass of Lcom/magtek/mobile/android/scra/ProcessMessageResponse; (109)
W/dalvikvm( 6859): Link of class 'Lcom/magtek/mobile/android/scra/ProcessMessageResponse;' failed
W/dalvikvm( 6859): VFY: unable to find class referenced in signature (Lcom/magtek/mobile/android/scra/ProcessMessageResponse;)
I/dalvikvm( 6859): Failed resolving Lcom/magtek/mobile/android/scra/BaseObject; interface 558 'Lorg/ksoap2/serialization/KvmSerializable;'
W/dalvikvm( 6859): Link of class 'Lcom/magtek/mobile/android/scra/BaseObject;' failed
W/dalvikvm( 6859): Unable to resolve superclass of Lcom/magtek/mobile/android/scra/ProcessMessageResponse; (109)
W/dalvikvm( 6859): Link of class 'Lcom/magtek/mobile/android/scra/ProcessMessageResponse;' failed
W/dalvikvm( 6859): VFY: unable to find class referenced in signature (Lcom/magtek/mobile/android/scra/ProcessMessageResponse;)
W/dalvikvm( 6859): VFY: unable to find class referenced in signature (Lorg/ksoap2/serialization/SoapObject;)
I/dalvikvm( 6859): Failed resolving Lcom/magtek/mobile/android/scra/BaseObject; interface 558 'Lorg/ksoap2/serialization/KvmSerializable;'
W/dalvikvm( 6859): Link of class 'Lcom/magtek/mobile/android/scra/BaseObject;' failed
W/dalvikvm( 6859): Unable to resolve superclass of Lcom/magtek/mobile/android/scra/ProcessMessageResponse; (109)
W/dalvikvm( 6859): Link of class 'Lcom/magtek/mobile/android/scra/ProcessMessageResponse;' failed
W/dalvikvm( 6859): VFY: unable to find class referenced in signature (Lcom/magtek/mobile/android/scra/ProcessMessageResponse;)
I/dalvikvm( 6859): Failed resolving Lcom/magtek/mobile/android/scra/BaseObject; interface 558 'Lorg/ksoap2/serialization/KvmSerializable;'
W/dalvikvm( 6859): Link of class 'Lcom/magtek/mobile/android/scra/BaseObject;' failed
W/dalvikvm( 6859): Unable to resolve superclass of Lcom/magtek/mobile/android/scra/ResponsePayload; (109)
W/dalvikvm( 6859): Link of class 'Lcom/magtek/mobile/android/scra/ResponsePayload;' failed
E/dalvikvm( 6859): Could not find class 'com.magtek.mobile.android.scra.ResponsePayload', referenced from method com.magtek.mobile.android.scra.ConfigurationWS.setConfigurationResponse
W/dalvikvm( 6859): VFY: unable to resolve new-instance 129 (Lcom/magtek/mobile/android/scra/ResponsePayload;) in Lcom/magtek/mobile/android/scra/ConfigurationWS;
D/dalvikvm( 6859): VFY: replacing opcode 0x22 at 0x0012
I/dalvikvm( 6859): Failed resolving Lcom/magtek/mobile/android/scra/BaseObject; interface 558 'Lorg/ksoap2/serialization/KvmSerializable;'
W/dalvikvm( 6859): Link of class 'Lcom/magtek/mobile/android/scra/BaseObject;' failed
W/dalvikvm( 6859): Unable to resolve superclass of Lcom/magtek/mobile/android/scra/ConfigParam; (109)
W/dalvikvm( 6859): Link of class 'Lcom/magtek/mobile/android/scra/ConfigParam;' failed
D/dalvikvm( 6859): DexOpt: unable to opt direct call 0x0171 at 0x72 in Lcom/magtek/mobile/android/scra/ConfigurationWS;.a
I/dalvikvm( 6859): Failed resolving Lcom/magtek/mobile/android/scra/BaseObject; interface 558 'Lorg/ksoap2/serialization/KvmSerializable;'
W/dalvikvm( 6859): Link of class 'Lcom/magtek/mobile/android/scra/BaseObject;' failed
W/dalvikvm( 6859): Unable to resolve superclass of Lcom/magtek/mobile/android/scra/ConfigParam; (109)
W/dalvikvm( 6859): Link of class 'Lcom/magtek/mobile/android/scra/ConfigParam;' failed
I/dalvikvm( 6859): DexOpt: unable to optimize instance field ref 0x0033 at 0x79 in Lcom/magtek/mobile/android/scra/ConfigurationWS;.a
I/dalvikvm( 6859): Failed resolving Lcom/magtek/mobile/android/scra/BaseObject; interface 558 'Lorg/ksoap2/serialization/KvmSerializable;'
W/dalvikvm( 6859): Link of class 'Lcom/magtek/mobile/android/scra/BaseObject;' failed
W/dalvikvm( 6859): Unable to resolve superclass of Lcom/magtek/mobile/android/scra/ConfigParam; (109)
W/dalvikvm( 6859): Link of class 'Lcom/magtek/mobile/android/scra/ConfigParam;' failed
I/dalvikvm( 6859): DexOpt: unable to optimize instance field ref 0x0034 at 0x7f in Lcom/magtek/mobile/android/scra/ConfigurationWS;.a
I/dalvikvm( 6859): Failed resolving Lcom/magtek/mobile/android/scra/BaseObject; interface 558 'Lorg/ksoap2/serialization/KvmSerializable;'
W/dalvikvm( 6859): Link of class 'Lcom/magtek/mobile/android/scra/BaseObject;' failed
W/dalvikvm( 6859): Unable to resolve superclass of Lcom/magtek/mobile/android/scra/ConfigParam; (109)
W/dalvikvm( 6859): Link of class 'Lcom/magtek/mobile/android/scra/ConfigParam;' failed
I/dalvikvm( 6859): DexOpt: unable to optimize instance field ref 0x0035 at 0x85 in Lcom/magtek/mobile/android/scra/ConfigurationWS;.a
I/dalvikvm( 6859): Failed resolving Lcom/magtek/mobile/android/scra/BaseObject; interface 558 'Lorg/ksoap2/serialization/KvmSerializable;'
W/dalvikvm( 6859): Link of class 'Lcom/magtek/mobile/android/scra/BaseObject;' failed
W/dalvikvm( 6859): Unable to resolve superclass of Lcom/magtek/mobile/android/scra/ResponsePayload; (109)
W/dalvikvm( 6859): Link of class 'Lcom/magtek/mobile/android/scra/ResponsePayload;' failed
I/dalvikvm( 6859): DexOpt: unable to optimize instance field ref 0x009f at 0xaa in Lcom/magtek/mobile/android/scra/ConfigurationWS;.a
I/dalvikvm( 6859): Failed resolving Lcom/magtek/mobile/android/scra/BaseObject; interface 558 'Lorg/ksoap2/serialization/KvmSerializable;'
W/dalvikvm( 6859): Link of class 'Lcom/magtek/mobile/android/scra/BaseObject;' failed
W/dalvikvm( 6859): Unable to resolve superclass of Lcom/magtek/mobile/android/scra/SCRAConfiguration; (109)
W/dalvikvm( 6859): Link of class 'Lcom/magtek/mobile/android/scra/SCRAConfiguration;' failed
D/dalvikvm( 6859): DexOpt: unable to opt direct call 0x0236 at 0xdc in Lcom/magtek/mobile/android/scra/ConfigurationWS;.a
I/dalvikvm( 6859): Failed resolving Lcom/magtek/mobile/android/scra/LiteralArrayVector; interface 558 'Lorg/ksoap2/serialization/KvmSerializable;'
W/dalvikvm( 6859): Link of class 'Lcom/magtek/mobile/android/scra/LiteralArrayVector;' failed
W/dalvikvm( 6859): Unable to resolve superclass of Lcom/magtek/mobile/android/scra/ArrayOfConfigParam; (118)
W/dalvikvm( 6859): Link of class 'Lcom/magtek/mobile/android/scra/ArrayOfConfigParam;' failed
D/dalvikvm( 6859): DexOpt: unable to opt direct call 0x0118 at 0xe1 in Lcom/magtek/mobile/android/scra/ConfigurationWS;.a
I/dalvikvm( 6859): Failed resolving Lcom/magtek/mobile/android/scra/BaseObject; interface 558 'Lorg/ksoap2/serialization/KvmSerializable;'
W/dalvikvm( 6859): Link of class 'Lcom/magtek/mobile/android/scra/BaseObject;' failed
W/dalvikvm( 6859): Unable to resolve superclass of Lcom/magtek/mobile/android/scra/SCRAConfiguration; (109)
W/dalvikvm( 6859): Link of class 'Lcom/magtek/mobile/android/scra/SCRAConfiguration;' failed
I/dalvikvm( 6859): DexOpt: unable to optimize instance field ref 0x00a0 at 0xe6 in Lcom/magtek/mobile/android/scra/ConfigurationWS;.a
I/dalvikvm( 6859): Failed resolving Lcom/magtek/mobile/android/scra/BaseObject; interface 558 'Lorg/ksoap2/serialization/KvmSerializable;'
W/dalvikvm( 6859): Link of class 'Lcom/magtek/mobile/android/scra/BaseObject;' failed
W/dalvikvm( 6859): Unable to resolve superclass of Lcom/magtek/mobile/android/scra/SCRAConfigurationDeviceInfo; (109)
W/dalvikvm( 6859): Link of class 'Lcom/magtek/mobile/android/scra/SCRAConfigurationDeviceInfo;' failed
D/dalvikvm( 6859): DexOpt: unable to opt direct call 0x023c at 0xfa in Lcom/magtek/mobile/android/scra/ConfigurationWS;.a
I/dalvikvm( 6859): Failed resolving Lcom/magtek/mobile/android/scra/BaseObject; interface 558 'Lorg/ksoap2/serialization/KvmSerializable;'
W/dalvikvm( 6859): Link of class 'Lcom/magtek/mobile/android/scra/BaseObject;' failed
W/dalvikvm( 6859): Unable to resolve superclass of Lcom/magtek/mobile/android/scra/SCRAConfiguration; (109)
W/dalvikvm( 6859): Link of class 'Lcom/magtek/mobile/android/scra/SCRAConfiguration;' failed
I/dalvikvm( 6859): DexOpt: unable to optimize instance field ref 0x00a1 at 0xff in Lcom/magtek/mobile/android/scra/ConfigurationWS;.a
I/dalvikvm( 6859): Failed resolving Lcom/magtek/mobile/android/scra/BaseObject; interface 558 'Lorg/ksoap2/serialization/KvmSerializable;'
W/dalvikvm( 6859): Link of class 'Lcom/magtek/mobile/android/scra/BaseObject;' failed
W/dalvikvm( 6859): Unable to resolve superclass of Lcom/magtek/mobile/android/scra/SCRAConfigurationReaderType; (109)
W/dalvikvm( 6859): Link of class 'Lcom/magtek/mobile/android/scra/SCRAConfigurationReaderType;' failed
D/dalvikvm( 6859): DexOpt: unable to opt direct call 0x0243 at 0x117 in Lcom/magtek/mobile/android/scra/ConfigurationWS;.a
D/dalvikvm( 6859): GC_FOR_ALLOC freed 510K, 6% free 9426K/9980K, paused 11ms, total 11ms
I/dalvikvm( 6859): Failed resolving Lcom/magtek/mobile/android/scra/BaseObject; interface 558 'Lorg/ksoap2/serialization/KvmSerializable;'
W/dalvikvm( 6859): Link of class 'Lcom/magtek/mobile/android/scra/BaseObject;' failed
W/dalvikvm( 6859): Unable to resolve superclass of Lcom/magtek/mobile/android/scra/SCRAConfiguration; (109)
W/dalvikvm( 6859): Link of class 'Lcom/magtek/mobile/android/scra/SCRAConfiguration;' failed
I/dalvikvm( 6859): DexOpt: unable to optimize instance field ref 0x00a2 at 0x11c in Lcom/magtek/mobile/android/scra/ConfigurationWS;.a
I/dalvikvm( 6859): Failed resolving Lcom/magtek/mobile/android/scra/BaseObject; interface 558 'Lorg/ksoap2/serialization/KvmSerializable;'
W/dalvikvm( 6859): Link of class 'Lcom/magtek/mobile/android/scra/BaseObject;' failed
W/dalvikvm( 6859): Unable to resolve superclass of Lcom/magtek/mobile/android/scra/StatusCode; (109)
W/dalvikvm( 6859): Link of class 'Lcom/magtek/mobile/android/scra/StatusCode;' failed
D/dalvikvm( 6859): DexOpt: unable to opt direct call 0x024c at 0x134 in Lcom/magtek/mobile/android/scra/ConfigurationWS;.a
I/dalvikvm( 6859): Failed resolving Lcom/magtek/mobile/android/scra/BaseObject; interface 558 'Lorg/ksoap2/serialization/KvmSerializable;'
W/dalvikvm( 6859): Link of class 'Lcom/magtek/mobile/android/scra/BaseObject;' failed
W/dalvikvm( 6859): Unable to resolve superclass of Lcom/magtek/mobile/android/scra/SCRAConfiguration; (109)
W/dalvikvm( 6859): Link of class 'Lcom/magtek/mobile/android/scra/SCRAConfiguration;' failed
I/dalvikvm( 6859): DexOpt: unable to optimize instance field ref 0x00a3 at 0x139 in Lcom/magtek/mobile/android/scra/ConfigurationWS;.a
I/dalvikvm( 6859): Failed resolving Lcom/magtek/mobile/android/scra/BaseObject; interface 558 'Lorg/ksoap2/serialization/KvmSerializable;'
W/dalvikvm( 6859): Link of class 'Lcom/magtek/mobile/android/scra/BaseObject;' failed
W/dalvikvm( 6859): Unable to resolve superclass of Lcom/magtek/mobile/android/scra/SCRAConfiguration; (109)
W/dalvikvm( 6859): Link of class 'Lcom/magtek/mobile/android/scra/SCRAConfiguration;' failed
I/dalvikvm( 6859): DexOpt: unable to optimize instance field ref 0x00a3 at 0x13b in Lcom/magtek/mobile/android/scra/ConfigurationWS;.a
I/dalvikvm( 6859): Failed resolving Lcom/magtek/mobile/android/scra/BaseObject; interface 558 'Lorg/ksoap2/serialization/KvmSerializable;'
W/dalvikvm( 6859): Link of class 'Lcom/magtek/mobile/android/scra/BaseObject;' failed
W/dalvikvm( 6859): Unable to resolve superclass of Lcom/magtek/mobile/android/scra/StatusCode; (109)
W/dalvikvm( 6859): Link of class 'Lcom/magtek/mobile/android/scra/StatusCode;' failed
I/dalvikvm( 6859): DexOpt: unable to optimize instance field ref 0x00be at 0x145 in Lcom/magtek/mobile/android/scra/ConfigurationWS;.a
I/dalvikvm( 6859): Failed resolving Lcom/magtek/mobile/android/scra/BaseObject; interface 558 'Lorg/ksoap2/serialization/KvmSerializable;'
W/dalvikvm( 6859): Link of class 'Lcom/magtek/mobile/android/scra/BaseObject;' failed
W/dalvikvm( 6859): Unable to resolve superclass of Lcom/magtek/mobile/android/scra/SCRAConfiguration; (109)
W/dalvikvm( 6859): Link of class 'Lcom/magtek/mobile/android/scra/SCRAConfiguration;' failed
I/dalvikvm( 6859): DexOpt: unable to optimize instance field ref 0x00a3 at 0x147 in Lcom/magtek/mobile/android/scra/ConfigurationWS;.a
I/dalvikvm( 6859): Failed resolving Lcom/magtek/mobile/android/scra/BaseObject; interface 558 'Lorg/ksoap2/serialization/KvmSerializable;'
W/dalvikvm( 6859): Link of class 'Lcom/magtek/mobile/android/scra/BaseObject;' failed
W/dalvikvm( 6859): Unable to resolve superclass of Lcom/magtek/mobile/android/scra/StatusCode; (109)
W/dalvikvm( 6859): Link of class 'Lcom/magtek/mobile/android/scra/StatusCode;' failed
I/dalvikvm( 6859): DexOpt: unable to optimize instance field ref 0x00c3 at 0x151 in Lcom/magtek/mobile/android/scra/ConfigurationWS;.a
I/dalvikvm( 6859): Failed resolving Lcom/magtek/mobile/android/scra/BaseObject; interface 558 'Lorg/ksoap2/serialization/KvmSerializable;'
W/dalvikvm( 6859): Link of class 'Lcom/magtek/mobile/android/scra/BaseObject;' failed
W/dalvikvm( 6859): Unable to resolve superclass of Lcom/magtek/mobile/android/scra/ProcessMessageResponse; (109)
W/dalvikvm( 6859): Link of class 'Lcom/magtek/mobile/android/scra/ProcessMessageResponse;' failed
I/dalvikvm( 6859): DexOpt: unable to optimize instance field ref 0x0093 at 0x173 in Lcom/magtek/mobile/android/scra/ConfigurationWS;.a
I/dalvikvm( 6859): Failed resolving Lcom/magtek/mobile/android/scra/BaseObject; interface 558 'Lorg/ksoap2/serialization/KvmSerializable;'
W/dalvikvm( 6859): Link of class 'Lcom/magtek/mobile/android/scra/BaseObject;' failed
W/dalvikvm( 6859): Unable to resolve superclass of Lcom/magtek/mobile/android/scra/ResponsePayload; (109)
W/dalvikvm( 6859): Link of class 'Lcom/magtek/mobile/android/scra/ResponsePayload;' failed
I/dalvikvm( 6859): DexOpt: unable to optimize instance field ref 0x009d at 0x179 in Lcom/magtek/mobile/android/scra/ConfigurationWS;.a
I/dalvikvm( 6859): Failed resolving Lcom/magtek/mobile/android/scra/BaseObject; interface 558 'Lorg/ksoap2/serialization/KvmSerializable;'
W/dalvikvm( 6859): Link of class 'Lcom/magtek/mobile/android/scra/BaseObject;' failed
W/dalvikvm( 6859): Unable to resolve superclass of Lcom/magtek/mobile/android/scra/StatusCode; (109)
W/dalvikvm( 6859): Link of class 'Lcom/magtek/mobile/android/scra/StatusCode;' failed
D/dalvikvm( 6859): DexOpt: unable to opt direct call 0x024c at 0x1a6 in Lcom/magtek/mobile/android/scra/ConfigurationWS;.a
I/dalvikvm( 6859): Failed resolving Lcom/magtek/mobile/android/scra/BaseObject; interface 558 'Lorg/ksoap2/serialization/KvmSerializable;'
W/dalvikvm( 6859): Link of class 'Lcom/magtek/mobile/android/scra/BaseObject;' failed
W/dalvikvm( 6859): Unable to resolve superclass of Lcom/magtek/mobile/android/scra/ProcessMessageResponse; (109)
W/dalvikvm( 6859): Link of class 'Lcom/magtek/mobile/android/scra/ProcessMessageResponse;' failed
I/dalvikvm( 6859): DexOpt: unable to optimize instance field ref 0x0093 at 0x1b8 in Lcom/magtek/mobile/android/scra/ConfigurationWS;.a
D/dalvikvm( 6859): DexOpt: unable to opt direct call 0x0c05 at 0x08 in Lcom/magtek/mobile/android/scra/ConfigurationWS;.getConfigurationXML
D/dalvikvm( 6859): DexOpt: unable to opt direct call 0x0c0c at 0x0f in Lcom/magtek/mobile/android/scra/ConfigurationWS;.getConfigurationXML
D/dalvikvm( 6859): DexOpt: unable to opt direct call 0x0c01 at 0x14 in Lcom/magtek/mobile/android/scra/ConfigurationWS;.getConfigurationXML
D/dalvikvm( 6859): DexOpt: unable to opt direct call 0x0c01 at 0x39 in Lcom/magtek/mobile/android/scra/ConfigurationWS;.getConfigurationXML
D/dalvikvm( 6859): DexOpt: unable to opt direct call 0x0c01 at 0x50 in Lcom/magtek/mobile/android/scra/ConfigurationWS;.getConfigurationXML
I/dalvikvm( 6859): DexOpt: unable to optimize instance field ref 0x04b4 at 0x68 in Lcom/magtek/mobile/android/scra/ConfigurationWS;.getConfigurationXML
I/dalvikvm( 6859): Failed resolving Lcom/magtek/mobile/android/scra/BaseObject; interface 558 'Lorg/ksoap2/serialization/KvmSerializable;'
W/dalvikvm( 6859): Link of class 'Lcom/magtek/mobile/android/scra/BaseObject;' failed
W/dalvikvm( 6859): Unable to resolve superclass of Lcom/magtek/mobile/android/scra/ProcessMessageRequest; (109)
W/dalvikvm( 6859): Link of class 'Lcom/magtek/mobile/android/scra/ProcessMessageRequest;' failed
D/dalvikvm( 6859): DexOpt: unable to opt direct call 0x021d at 0x73 in Lcom/magtek/mobile/android/scra/ConfigurationWS;.getConfigurationXML
I/dalvikvm( 6859): Failed resolving Lcom/magtek/mobile/android/scra/BaseObject; interface 558 'Lorg/ksoap2/serialization/KvmSerializable;'
W/dalvikvm( 6859): Link of class 'Lcom/magtek/mobile/android/scra/BaseObject;' failed
W/dalvikvm( 6859): Unable to resolve superclass of Lcom/magtek/mobile/android/scra/RequestPayload; (109)
W/dalvikvm( 6859): Link of class 'Lcom/magtek/mobile/android/scra/RequestPayload;' failed
D/dalvikvm( 6859): DexOpt: unable to opt direct call 0x022a at 0x83 in Lcom/magtek/mobile/android/scra/ConfigurationWS;.getConfigurationXML
I/dalvikvm( 6859): Failed resolving Lcom/magtek/mobile/android/scra/BaseObject; interface 558 'Lorg/ksoap2/serialization/KvmSerializable;'
W/dalvikvm( 6859): Link of class 'Lcom/magtek/mobile/android/scra/BaseObject;' failed
W/dalvikvm( 6859): Unable to resolve superclass of Lcom/magtek/mobile/android/scra/SCRAConfigurationDeviceInfo; (109)
W/dalvikvm( 6859): Link of class 'Lcom/magtek/mobile/android/scra/SCRAConfigurationDeviceInfo;' failed
D/dalvikvm( 6859): DexOpt: unable to opt direct call 0x023c at 0x93 in Lcom/magtek/mobile/android/scra/ConfigurationWS;.getConfigurationXML
I/dalvikvm( 6859): Failed resolving Lcom/magtek/mobile/android/scra/BaseObject; interface 558 'Lorg/ksoap2/serialization/KvmSerializable;'
W/dalvikvm( 6859): Link of class 'Lcom/magtek/mobile/android/scra/BaseObject;' failed
W/dalvikvm( 6859): Unable to resolve superclass of Lcom/magtek/mobile/android/scra/SCRAConfigurationReaderType; (109)
W/dalvikvm( 6859): Link of class 'Lcom/magtek/mobile/android/scra/SCRAConfigurationReaderType;' failed
D/dalvikvm( 6859): DexOpt: unable to opt direct call 0x0243 at 0xa3 in Lcom/magtek/mobile/android/scra/ConfigurationWS;.getConfigurationXML
D/dalvikvm( 6859): DexOpt: unable to opt direct call 0x0c11 at 0xb3 in Lcom/magtek/mobile/android/scra/ConfigurationWS;.getConfigurationXML
I/dalvikvm( 6859): DexOpt: unable to optimize instance field ref 0x04b5 at 0xb7 in Lcom/magtek/mobile/android/scra/ConfigurationWS;.getConfigurationXML
I/dalvikvm( 6859): DexOpt: unable to optimize instance field ref 0x04b6 at 0xdc in Lcom/magtek/mobile/android/scra/ConfigurationWS;.getConfigurationXML
I/dalvikvm( 6859): Failed resolving Lcom/magtek/mobile/android/scra/BaseObject; interface 558 'Lorg/ksoap2/serialization/KvmSerializable;'
W/dalvikvm( 6859): Link of class 'Lcom/magtek/mobile/android/scra/BaseObject;' failed
W/dalvikvm( 6859): Unable to resolve superclass of Lcom/magtek/mobile/android/scra/ResponsePayload; (109)
W/dalvikvm( 6859): Link of class 'Lcom/magtek/mobile/android/scra/ResponsePayload;' failed
D/dalvikvm( 6859): DexOpt: unable to opt direct call 0x0230 at 0x14 in Lcom/magtek/mobile/android/scra/ConfigurationWS;.setConfigurationResponse
I/dalvikvm( 6859): Failed resolving Lcom/magtek/mobile/android/scra/LiteralArrayVector; interface 558 'Lorg/ksoap2/serialization/KvmSerializable;'
W/dalvikvm( 6859): Link of class 'Lcom/magtek/mobile/android/scra/LiteralArrayVector;' failed
W/dalvikvm( 6859): Unable to resolve superclass of Lcom/magtek/mobile/android/scra/ArrayOfConfigParam; (118)
W/dalvikvm( 6859): Link of class 'Lcom/magtek/mobile/android/scra/ArrayOfConfigParam;' failed
D/dalvikvm( 6859): DexOpt: unable to opt direct call 0x0118 at 0x19 in Lcom/magtek/mobile/android/scra/ConfigurationWS;.setConfigurationResponse
I/dalvikvm( 6859): Failed resolving Lcom/magtek/mobile/android/scra/LiteralArrayVector; interface 558 'Lorg/ksoap2/serialization/KvmSerializable;'
W/dalvikvm( 6859): Link of class 'Lcom/magtek/mobile/android/scra/LiteralArrayVector;' failed
W/dalvikvm( 6859): Unable to resolve superclass of Lcom/magtek/mobile/android/scra/ArrayOfSCRAConfiguration; (118)
W/dalvikvm( 6859): Link of class 'Lcom/magtek/mobile/android/scra/ArrayOfSCRAConfiguration;' failed
D/dalvikvm( 6859): DexOpt: unable to opt direct call 0x0120 at 0x1e in Lcom/magtek/mobile/android/scra/ConfigurationWS;.setConfigurationResponse
I/dalvikvm( 6859): Failed resolving Lcom/magtek/mobile/android/scra/BaseObject; interface 558 'Lorg/ksoap2/serialization/KvmSerializable;'
W/dalvikvm( 6859): Link of class 'Lcom/magtek/mobile/android/scra/BaseObject;' failed
W/dalvikvm( 6859): Unable to resolve superclass of Lcom/magtek/mobile/android/scra/StatusCode; (109)
W/dalvikvm( 6859): Link of class 'Lcom/magtek/mobile/android/scra/StatusCode;' failed
D/dalvikvm( 6859): DexOpt: unable to opt direct call 0x024d at 0x5b in Lcom/magtek/mobile/android/scra/ConfigurationWS;.setConfigurationResponse
I/dalvikvm( 6859): Failed resolving Lcom/magtek/mobile/android/scra/BaseObject; interface 558 'Lorg/ksoap2/serialization/KvmSerializable;'
W/dalvikvm( 6859): Link of class 'Lcom/magtek/mobile/android/scra/BaseObject;' failed
W/dalvikvm( 6859): Unable to resolve superclass of Lcom/magtek/mobile/android/scra/StatusCode; (109)
W/dalvikvm( 6859): Link of class 'Lcom/magtek/mobile/android/scra/StatusCode;' failed
I/dalvikvm( 6859): DexOpt: unable to optimize instance field ref 0x00bf at 0x60 in Lcom/magtek/mobile/android/scra/ConfigurationWS;.setConfigurationResponse
I/dalvikvm( 6859): Failed resolving Lcom/magtek/mobile/android/scra/BaseObject; interface 558 'Lorg/ksoap2/serialization/KvmSerializable;'
W/dalvikvm( 6859): Link of class 'Lcom/magtek/mobile/android/scra/BaseObject;' failed
W/dalvikvm( 6859): Unable to resolve superclass of Lcom/magtek/mobile/android/scra/ResponsePayload; (109)
W/dalvikvm( 6859): Link of class 'Lcom/magtek/mobile/android/scra/ResponsePayload;' failed
I/dalvikvm( 6859): DexOpt: unable to optimize instance field ref 0x009f at 0xa1 in Lcom/magtek/mobile/android/scra/ConfigurationWS;.setConfigurationResponse
I/dalvikvm( 6859): Failed resolving Lcom/magtek/mobile/android/scra/BaseObject; interface 558 'Lorg/ksoap2/serialization/KvmSerializable;'
W/dalvikvm( 6859): Link of class 'Lcom/magtek/mobile/android/scra/BaseObject;' failed
W/dalvikvm( 6859): Unable to resolve superclass of Lcom/magtek/mobile/android/scra/ResponsePayload; (109)
W/dalvikvm( 6859): Link of class 'Lcom/magtek/mobile/android/scra/ResponsePayload;' failed
I/dalvikvm( 6859): DexOpt: unable to optimize instance field ref 0x009e at 0xa7 in Lcom/magtek/mobile/android/scra/ConfigurationWS;.setConfigurationResponse
I/dalvikvm( 6859): Failed resolving Lcom/magtek/mobile/android/scra/BaseObject; interface 558 'Lorg/ksoap2/serialization/KvmSerializable;'
W/dalvikvm( 6859): Link of class 'Lcom/magtek/mobile/android/scra/BaseObject;' failed
W/dalvikvm( 6859): Unable to resolve superclass of Lcom/magtek/mobile/android/scra/ResponsePayload; (109)
W/dalvikvm( 6859): Link of class 'Lcom/magtek/mobile/android/scra/ResponsePayload;' failed
I/dalvikvm( 6859): DexOpt: unable to optimize instance field ref 0x009d at 0xa9 in Lcom/magtek/mobile/android/scra/ConfigurationWS;.setConfigurationResponse
I/dalvikvm( 6859): Failed resolving Lcom/magtek/mobile/android/scra/BaseObject; interface 558 'Lorg/ksoap2/serialization/KvmSerializable;'
W/dalvikvm( 6859): Link of class 'Lcom/magtek/mobile/android/scra/BaseObject;' failed
W/dalvikvm( 6859): Unable to resolve superclass of Lcom/magtek/mobile/android/scra/ProcessMessageResponse; (109)
W/dalvikvm( 6859): Link of class 'Lcom/magtek/mobile/android/scra/ProcessMessageResponse;' failed
I/dalvikvm( 6859): DexOpt: unable to optimize instance field ref 0x0093 at 0xad in Lcom/magtek/mobile/android/scra/ConfigurationWS;.setConfigurationResponse
I/dalvikvm( 6859): Failed resolving Lcom/magtek/mobile/android/scra/BaseObject; interface 558 'Lorg/ksoap2/serialization/KvmSerializable;'
W/dalvikvm( 6859): Link of class 'Lcom/magtek/mobile/android/scra/BaseObject;' failed
W/dalvikvm( 6859): Unable to resolve superclass of Lcom/magtek/mobile/android/scra/SCRAConfigurationReaderType; (109)
W/dalvikvm( 6859): Link of class 'Lcom/magtek/mobile/android/scra/SCRAConfigurationReaderType;' failed
D/dalvikvm( 6859): DexOpt: unable to opt direct call 0x0244 at 0xea in Lcom/magtek/mobile/android/scra/ConfigurationWS;.setConfigurationResponse
I/dalvikvm( 6859): Failed resolving Lcom/magtek/mobile/android/scra/BaseObject; interface 558 'Lorg/ksoap2/serialization/KvmSerializable;'
W/dalvikvm( 6859): Link of class 'Lcom/magtek/mobile/android/scra/BaseObject;' failed
W/dalvikvm( 6859): Unable to resolve superclass of Lcom/magtek/mobile/android/scra/SCRAConfigurationDeviceInfo; (109)
W/dalvikvm( 6859): Link of class 'Lcom/magtek/mobile/android/scra/SCRAConfigurationDeviceInfo;' failed
D/dalvikvm( 6859): DexOpt: unable to opt direct call 0x023d at 0xfd in Lcom/magtek/mobile/android/scra/ConfigurationWS;.setConfigurationResponse
I/dalvikvm( 6859): Failed resolving Lcom/magtek/mobile/android/scra/BaseObject; interface 558 'Lorg/ksoap2/serialization/KvmSerializable;'
W/dalvikvm( 6859): Link of class 'Lcom/magtek/mobile/android/scra/BaseObject;' failed
W/dalvikvm( 6859): Unable to resolve superclass of Lcom/magtek/mobile/android/scra/StatusCode; (109)
W/dalvikvm( 6859): Link of class 'Lcom/magtek/mobile/android/scra/StatusCode;' failed
D/dalvikvm( 6859): DexOpt: unable to opt direct call 0x024d at 0x112 in Lcom/magtek/mobile/android/scra/ConfigurationWS;.setConfigurationResponse
I/dalvikvm( 6859): Failed resolving Lcom/magtek/mobile/android/scra/BaseObject; interface 558 'Lorg/ksoap2/serialization/KvmSerializable;'
W/dalvikvm( 6859): Link of class 'Lcom/magtek/mobile/android/scra/BaseObject;' failed
W/dalvikvm( 6859): Unable to resolve superclass of Lcom/magtek/mobile/android/scra/SCRAConfiguration; (109)
W/dalvikvm( 6859): Link of class 'Lcom/magtek/mobile/android/scra/SCRAConfiguration;' failed
D/dalvikvm( 6859): DexOpt: unable to opt direct call 0x0236 at 0x13e in Lcom/magtek/mobile/android/scra/ConfigurationWS;.setConfigurationResponse
I/dalvikvm( 6859): Failed resolving Lcom/magtek/mobile/android/scra/BaseObject; interface 558 'Lorg/ksoap2/serialization/KvmSerializable;'
W/dalvikvm( 6859): Link of class 'Lcom/magtek/mobile/android/scra/BaseObject;' failed
D/dalvikvm( 6859): GC_FOR_ALLOC freed 512K, 6% free 9425K/9980K, paused 11ms, total 11ms
W/dalvikvm( 6859): Unable to resolve superclass of Lcom/magtek/mobile/android/scra/SCRAConfiguration; (109)
W/dalvikvm( 6859): Link of class 'Lcom/magtek/mobile/android/scra/SCRAConfiguration;' failed
I/dalvikvm( 6859): DexOpt: unable to optimize instance field ref 0x00a3 at 0x143 in Lcom/magtek/mobile/android/scra/ConfigurationWS;.setConfigurationResponse
I/dalvikvm( 6859): Failed resolving Lcom/magtek/mobile/android/scra/BaseObject; interface 558 'Lorg/ksoap2/serialization/KvmSerializable;'
W/dalvikvm( 6859): Link of class 'Lcom/magtek/mobile/android/scra/BaseObject;' failed
W/dalvikvm( 6859): Unable to resolve superclass of Lcom/magtek/mobile/android/scra/SCRAConfiguration; (109)
W/dalvikvm( 6859): Link of class 'Lcom/magtek/mobile/android/scra/SCRAConfiguration;' failed
I/dalvikvm( 6859): DexOpt: unable to optimize instance field ref 0x00a1 at 0x145 in Lcom/magtek/mobile/android/scra/ConfigurationWS;.setConfigurationResponse
I/dalvikvm( 6859): Failed resolving Lcom/magtek/mobile/android/scra/BaseObject; interface 558 'Lorg/ksoap2/serialization/KvmSerializable;'
W/dalvikvm( 6859): Link of class 'Lcom/magtek/mobile/android/scra/BaseObject;' failed
W/dalvikvm( 6859): Unable to resolve superclass of Lcom/magtek/mobile/android/scra/SCRAConfiguration; (109)
W/dalvikvm( 6859): Link of class 'Lcom/magtek/mobile/android/scra/SCRAConfiguration;' failed
I/dalvikvm( 6859): DexOpt: unable to optimize instance field ref 0x00a2 at 0x147 in Lcom/magtek/mobile/android/scra/ConfigurationWS;.setConfigurationResponse
I/dalvikvm( 6859): Failed resolving Lcom/magtek/mobile/android/scra/BaseObject; interface 558 'Lorg/ksoap2/serialization/KvmSerializable;'
W/dalvikvm( 6859): Link of class 'Lcom/magtek/mobile/android/scra/BaseObject;' failed
W/dalvikvm( 6859): Unable to resolve superclass of Lcom/magtek/mobile/android/scra/SCRAConfiguration; (109)
W/dalvikvm( 6859): Link of class 'Lcom/magtek/mobile/android/scra/SCRAConfiguration;' failed
I/dalvikvm( 6859): DexOpt: unable to optimize instance field ref 0x00a0 at 0x149 in Lcom/magtek/mobile/android/scra/ConfigurationWS;.setConfigurationResponse
I/dalvikvm( 6859): Failed resolving Lcom/magtek/mobile/android/scra/BaseObject; interface 558 'Lorg/ksoap2/serialization/KvmSerializable;'
W/dalvikvm( 6859): Link of class 'Lcom/magtek/mobile/android/scra/BaseObject;' failed
W/dalvikvm( 6859): Unable to resolve superclass of Lcom/magtek/mobile/android/scra/ConfigParam; (109)
W/dalvikvm( 6859): Link of class 'Lcom/magtek/mobile/android/scra/ConfigParam;' failed
D/dalvikvm( 6859): DexOpt: unable to opt direct call 0x0172 at 0x163 in Lcom/magtek/mobile/android/scra/ConfigurationWS;.setConfigurationResponse
I/MagTekSCRA.Demo:( 6859): starting
W/PluginManager( 6859): THREAD WARNING: exec() call to AndroidCardreaderPlugin.RunCardReaderListener blocked the main thread for 304ms. Plugin should use CordovaInterface.getThreadPool().
D/audio_hw_primary(  182): select_devices: out_snd_device(0: ) in_snd_device(17: headset-mic)
E/ACDB-LOADER(  182): Error: ACDB AudProc vol returned = -8
D/ACDB-LOADER(  182): ACDB -> send_afe_cal
D/audio_hw_primary(  182): out_set_parameters: enter: usecase(1: low-latency-playback) kvpairs: routing=4
D/audio_hw_primary(  182): select_devices: out_snd_device(4: headphones) in_snd_device(0: )
D/dalvikvm( 6859): GC_FOR_ALLOC freed 503K, 6% free 9434K/9980K, paused 13ms, total 13ms
I/MagTekSCRA.Demo:( 6859): Card swipe successful
D/dalvikvm( 6859): GC_FOR_ALLOC freed 508K, 6% free 9438K/9980K, paused 13ms, total 13ms
D/dalvikvm( 6859): GC_FOR_ALLOC freed 507K, 6% free 9438K/9980K, paused 12ms, total 12ms
D/AudioReader( 6859): thread finished
I/MagTekSCRA.Demo:( 6859): Response.Length=614
I/MagTekSCRA.Demo:( 6859): EncryptionStatus=0206
I/MagTekSCRA.Demo:( 6859): SDK.Version=101.20
I/MagTekSCRA.Demo:( 6859): Reader.Type=1
I/MagTekSCRA.Demo:( 6859): Track.Status=000002
I/MagTekSCRA.Demo:( 6859): KSN=9012300B1A2E08000063
I/MagTekSCRA.Demo:( 6859): Track1.Masked=%328103038101522?
I/MagTekSCRA.Demo:( 6859): Track2.Masked=;63918117581038932?
I/MagTekSCRA.Demo:( 6859): Track3.Masked=
I/MagTekSCRA.Demo:( 6859): Track1.Encrypted=8FA7E971D8DE52BE3C8CA2D78740CAFFC121E174C23D4CFE
I/MagTekSCRA.Demo:( 6859): Track2.Encrypted=A20F547128C1F7B7EB19C9DBF31E0F4DFF6E5DF1E8D82152
I/MagTekSCRA.Demo:( 6859): Track3.Encrypted=
I/MagTekSCRA.Demo:( 6859): MagnePrint.Encrypted=B95F0450323290F0E96A4F176722BDB867F4FD43CCDDF77D599E8DACDD24E569A3931DF8D7C07A97447F3E03A50A071F4287BCB1BD37AA42
I/MagTekSCRA.Demo:( 6859): MagnePrint.Status=61401000
I/MagTekSCRA.Demo:( 6859): Card.IIN=
I/MagTekSCRA.Demo:( 6859): Card.Name=
I/MagTekSCRA.Demo:( 6859): Card.Last4=
I/MagTekSCRA.Demo:( 6859): Card.ExpDate=
I/MagTekSCRA.Demo:( 6859): Card.SvcCode=
I/MagTekSCRA.Demo:( 6859): Card.PANLength=0
I/MagTekSCRA.Demo:( 6859): Device.Serial=B1A2E08061213AA
I/MagTekSCRA.Demo:( 6859): SessionID=776B8BC358A3E876
I/MagTekSCRA.Demo:( 6859): Card.Status=00
I/MagTekSCRA.Demo:( 6859): Firmware.Partnumber=21043016C01
I/MagTekSCRA.Demo:( 6859): MagTek.SN=B1A2E08061213AA
I/MagTekSCRA.Demo:( 6859): TLV.Version=0003
I/MagTekSCRA.Demo:( 6859): HashCode=4F700531FEC6465FFAC29D593D26BD7379B345D0
I/MagTekSCRA.Demo:( 6859): Response.Raw=C10682012EC3022F810902000381030B323130343330313643303181040E4D616754656B207544796E616D6F8140013181410400000065C2010F800102020682610100826203000002C2022A822111253332383130333033383130313532323F8222133B36333931383131373538313033383933323FC20381B981020F42314132453038303631323133414183010A9012300B1A2E08000063830A188FA7E971D8DE52BE3C8CA2D78740CAFFC121E174C23D4CFE830B18A20F547128C1F7B7EB19C9DBF31E0F4DFF6E5DF1E8D82152830E0461401000830D38B95F0450323290F0E96A4F176722BDB867F4FD43CCDDF77D599E8DACDD24E569A3931DF8D7C07A97447F3E03A50A071F4287BCB1BD37AA428308144F700531FEC6465FFAC29D593D26BD7379B345D0830908776B8BC358A3E876
I/MagTekSCRA.Demo:( 6859): Track 1 Masked- '%328103038101522?'
D/dalvikvm( 6859): GC_FOR_ALLOC freed 35K, 6% free 9477K/9980K, paused 11ms, total 11ms
I/dalvikvm-heap( 6859): Grow heap (frag case) to 9.549MB for 279056-byte allocation
D/dalvikvm( 6859): GC_FOR_ALLOC freed <1K, 5% free 9749K/10256K, paused 13ms, total 13ms
D/dalvikvm( 6859): GC_FOR_ALLOC freed 2K, 4% free 9889K/10288K, paused 13ms, total 13ms
W/InputMethodManagerService(  595): Window already focused, ignoring focus gain of: com.android.internal.view.IInputMethodClient$Stub$Proxy@42371958 attribute=null, token = android.os.BinderProxy@4243f750
D/CordovaActivity( 6859): onMessage(onPageStarted,file:///android_asset/www/reasons.html)
D/CordovaLog( 6859): file:///android_asset/www/reasons.html: Line 25 : Viewport target-densitydpi is not supported.
I/chromium( 6859): [INFO:CONSOLE(25)] "Viewport target-densitydpi is not supported.", source: file:///android_asset/www/reasons.html (25)
D/CordovaLog( 6859): file:///android_asset/www/phonegap.js: Line 1548 : Could not find cordova.js script tag. Plugin loading may fail.
I/chromium( 6859): [INFO:CONSOLE(1548)] "Could not find cordova.js script tag. Plugin loading may fail.", source: file:///android_asset/www/phonegap.js (1548)
D/CordovaWebViewClient( 6859): onPageFinished(file:///android_asset/www/reasons.html)
D/CordovaActivity( 6859): onMessage(onPageFinished,file:///android_asset/www/reasons.html)
D/CordovaActivity( 6859): onMessage(spinner,stop)
D/CordovaActivity( 6859): onMessage(onPageStarted,file:///android_asset/www/thankyou.html)
D/CordovaLog( 6859): file:///android_asset/www/thankyou.html: Line 25 : Viewport target-densitydpi is not supported.
I/chromium( 6859): [INFO:CONSOLE(25)] "Viewport target-densitydpi is not supported.", source: file:///android_asset/www/thankyou.html (25)
D/CordovaLog( 6859): file:///android_asset/www/phonegap.js: Line 1548 : Could not find cordova.js script tag. Plugin loading may fail.
I/chromium( 6859): [INFO:CONSOLE(1548)] "Could not find cordova.js script tag. Plugin loading may fail.", source: file:///android_asset/www/phonegap.js (1548)
D/CordovaWebViewClient( 6859): onPageFinished(file:///android_asset/www/thankyou.html)
D/CordovaActivity( 6859): onMessage(onPageFinished,file:///android_asset/www/thankyou.html)
D/CordovaActivity( 6859): onMessage(spinner,stop)
D/CordovaActivity( 6859): onMessage(onPageStarted,file:///android_asset/www/login.html)
D/CordovaLog( 6859): file:///android_asset/www/login.html: Line 25 : Viewport target-densitydpi is not supported.
I/chromium( 6859): [INFO:CONSOLE(25)] "Viewport target-densitydpi is not supported.", source: file:///android_asset/www/login.html (25)
D/CordovaLog( 6859): file:///android_asset/www/phonegap.js: Line 1548 : Could not find cordova.js script tag. Plugin loading may fail.
I/chromium( 6859): [INFO:CONSOLE(1548)] "Could not find cordova.js script tag. Plugin loading may fail.", source: file:///android_asset/www/phonegap.js (1548)
D/CordovaWebViewClient( 6859): onPageFinished(file:///android_asset/www/login.html)
D/CordovaActivity( 6859): onMessage(onPageFinished,file:///android_asset/www/login.html)
D/CordovaActivity( 6859): onMessage(spinner,stop)
D/CordovaLog( 6859): file:///android_asset/www/js/login.js: Line 70 : Received Event: deviceready
I/chromium( 6859): [INFO:CONSOLE(70)] "Received Event: deviceready", source: file:///android_asset/www/js/login.js (70)
I/MagTekSCRA.Demo:( 6859): starting
D/audio_hw_primary(  182): select_devices: out_snd_device(0: ) in_snd_device(17: headset-mic)
E/ACDB-LOADER(  182): Error: ACDB AudProc vol returned = -8
D/ACDB-LOADER(  182): ACDB -> send_afe_cal
D/audio_hw_primary(  182): out_set_parameters: enter: usecase(1: low-latency-playback) kvpairs: routing=4
D/audio_hw_primary(  182): select_devices: out_snd_device(4: headphones) in_snd_device(0: )
D/dalvikvm( 6859): GC_FOR_ALLOC freed 461K, 5% free 9938K/10432K, paused 42ms, total 43ms
I/MagTekSCRA.Demo:( 6859): Card swipe successful
D/dalvikvm( 6859): GC_FOR_ALLOC freed 1003K, 10% free 9448K/10484K, paused 13ms, total 13ms
I/MagTekSCRA.Demo:( 6859): Response.Length=356
I/MagTekSCRA.Demo:( 6859): EncryptionStatus=0206
I/MagTekSCRA.Demo:( 6859): SDK.Version=101.20
I/MagTekSCRA.Demo:( 6859): Reader.Type=1
I/MagTekSCRA.Demo:( 6859): Track.Status=000102
I/MagTekSCRA.Demo:( 6859): KSN=9012300B1A2E08000064
I/MagTekSCRA.Demo:( 6859): Track1.Masked=%328101037767812?
I/MagTekSCRA.Demo:( 6859): Track2.Masked=
I/MagTekSCRA.Demo:( 6859): Track3.Masked=
I/MagTekSCRA.Demo:( 6859): Track1.Encrypted=E5A229E54E0457B82A6D7B0B0BFEBFB9A39ABFCD6857F79A
I/MagTekSCRA.Demo:( 6859): Track2.Encrypted=DC248839847283BE
I/MagTekSCRA.Demo:( 6859): Track3.Encrypted=
I/MagTekSCRA.Demo:( 6859): MagnePrint.Encrypted=
I/MagTekSCRA.Demo:( 6859): MagnePrint.Status=
I/MagTekSCRA.Demo:( 6859): Card.IIN=
I/MagTekSCRA.Demo:( 6859): Card.Name=
I/MagTekSCRA.Demo:( 6859): Card.Last4=
I/MagTekSCRA.Demo:( 6859): Card.ExpDate=
I/MagTekSCRA.Demo:( 6859): Card.SvcCode=
I/MagTekSCRA.Demo:( 6859): Card.PANLength=0
I/MagTekSCRA.Demo:( 6859): Device.Serial=B1A2E08061213AA
I/MagTekSCRA.Demo:( 6859): SessionID=8C4EE7BF3BDA5A6C
I/MagTekSCRA.Demo:( 6859): Card.Status=00
I/MagTekSCRA.Demo:( 6859): Firmware.Partnumber=21043016C01
I/MagTekSCRA.Demo:( 6859): MagTek.SN=B1A2E08061213AA
I/MagTekSCRA.Demo:( 6859): TLV.Version=0003
I/MagTekSCRA.Demo:( 6859): HashCode=
I/MagTekSCRA.Demo:( 6859): Response.Raw=C10681AEC3022F810902000381030B323130343330313643303181040E4D616754656B207544796E616D6F8140013281410400000066C2010F800102020682610100826203000102C20214822111253332383130313033373736373831323FC2035081020F42314132453038303631323133414183010A9012300B1A2E08000064830A18E5A229E54E0457B82A6D7B0B0BFEBFB9A39ABFCD6857F79A830B08DC248839847283BE8309088C4EE7BF3BDA5A6C
I/MagTekSCRA.Demo:( 6859): Track 1 Masked- '%328101037767812?'
D/dalvikvm( 6859): GC_FOR_ALLOC freed 51K, 6% free 9892K/10484K, paused 11ms, total 11ms
W/InputMethodManagerService(  595): Window already focused, ignoring focus gain of: com.android.internal.view.IInputMethodClient$Stub$Proxy@423bf0e8 attribute=null, token = android.os.BinderProxy@4243f750
D/CordovaActivity( 6859): onMessage(onPageStarted,file:///android_asset/www/reasons.html)
D/CordovaLog( 6859): file:///android_asset/www/reasons.html: Line 25 : Viewport target-densitydpi is not supported.
I/chromium( 6859): [INFO:CONSOLE(25)] "Viewport target-densitydpi is not supported.", source: file:///android_asset/www/reasons.html (25)
D/CordovaLog( 6859): file:///android_asset/www/phonegap.js: Line 1548 : Could not find cordova.js script tag. Plugin loading may fail.
I/chromium( 6859): [INFO:CONSOLE(1548)] "Could not find cordova.js script tag. Plugin loading may fail.", source: file:///android_asset/www/phonegap.js (1548)
D/CordovaWebViewClient( 6859): onPageFinished(file:///android_asset/www/reasons.html)
D/CordovaActivity( 6859): onMessage(onPageFinished,file:///android_asset/www/reasons.html)
D/CordovaActivity( 6859): onMessage(spinner,stop)
D/CordovaActivity( 6859): onMessage(onPageStarted,file:///android_asset/www/thankyou.html)
D/CordovaLog( 6859): file:///android_asset/www/thankyou.html: Line 25 : Viewport target-densitydpi is not supported.
I/chromium( 6859): [INFO:CONSOLE(25)] "Viewport target-densitydpi is not supported.", source: file:///android_asset/www/thankyou.html (25)
D/CordovaLog( 6859): file:///android_asset/www/phonegap.js: Line 1548 : Could not find cordova.js script tag. Plugin loading may fail.
I/chromium( 6859): [INFO:CONSOLE(1548)] "Could not find cordova.js script tag. Plugin loading may fail.", source: file:///android_asset/www/phonegap.js (1548)
D/CordovaWebViewClient( 6859): onPageFinished(file:///android_asset/www/thankyou.html)
D/CordovaActivity( 6859): onMessage(onPageFinished,file:///android_asset/www/thankyou.html)
D/CordovaActivity( 6859): onMessage(spinner,stop)
D/CordovaActivity( 6859): onMessage(onPageStarted,file:///android_asset/www/login.html)
D/CordovaLog( 6859): file:///android_asset/www/login.html: Line 25 : Viewport target-densitydpi is not supported.
I/chromium( 6859): [INFO:CONSOLE(25)] "Viewport target-densitydpi is not supported.", source: file:///android_asset/www/login.html (25)
D/CordovaLog( 6859): file:///android_asset/www/phonegap.js: Line 1548 : Could not find cordova.js script tag. Plugin loading may fail.
I/chromium( 6859): [INFO:CONSOLE(1548)] "Could not find cordova.js script tag. Plugin loading may fail.", source: file:///android_asset/www/phonegap.js (1548)
D/CordovaWebViewClient( 6859): onPageFinished(file:///android_asset/www/login.html)
D/CordovaActivity( 6859): onMessage(onPageFinished,file:///android_asset/www/login.html)
D/CordovaActivity( 6859): onMessage(spinner,stop)
D/CordovaLog( 6859): file:///android_asset/www/js/login.js: Line 70 : Received Event: deviceready
I/chromium( 6859): [INFO:CONSOLE(70)] "Received Event: deviceready", source: file:///android_asset/www/js/login.js (70)
I/MagTekSCRA.Demo:( 6859): starting
W/AudioPolicyManagerBase(  182): startInput() input 132 failed: other input already started..
E/AudioRecord( 6859): start() status -38
D/dalvikvm( 6859): GC_FOR_ALLOC freed 456K, 6% free 9946K/10484K, paused 11ms, total 11ms
I/MagTekSCRA.Demo:( 6859): Card swipe successful
D/AudioReader( 6859): thread finished
I/MagTekSCRA.Demo:( 6859): Response.Length=0
I/MagTekSCRA.Demo:( 6859): EncryptionStatus=
I/MagTekSCRA.Demo:( 6859): SDK.Version=101.20
I/MagTekSCRA.Demo:( 6859): Reader.Type=1
I/MagTekSCRA.Demo:( 6859): Track.Status=
I/MagTekSCRA.Demo:( 6859): KSN=
I/MagTekSCRA.Demo:( 6859): Track1.Masked=
I/MagTekSCRA.Demo:( 6859): Track2.Masked=
I/MagTekSCRA.Demo:( 6859): Track3.Masked=
I/MagTekSCRA.Demo:( 6859): Track1.Encrypted=
I/MagTekSCRA.Demo:( 6859): Track2.Encrypted=
I/MagTekSCRA.Demo:( 6859): Track3.Encrypted=
I/MagTekSCRA.Demo:( 6859): MagnePrint.Encrypted=
I/MagTekSCRA.Demo:( 6859): MagnePrint.Status=
I/MagTekSCRA.Demo:( 6859): Card.IIN=
I/MagTekSCRA.Demo:( 6859): Card.Name=
I/MagTekSCRA.Demo:( 6859): Card.Last4=
I/MagTekSCRA.Demo:( 6859): Card.ExpDate=
I/MagTekSCRA.Demo:( 6859): Card.SvcCode=
I/MagTekSCRA.Demo:( 6859): Card.PANLength=0
I/MagTekSCRA.Demo:( 6859): Device.Serial=
I/MagTekSCRA.Demo:( 6859): SessionID=
I/MagTekSCRA.Demo:( 6859): Card.Status=
I/MagTekSCRA.Demo:( 6859): Firmware.Partnumber=
I/MagTekSCRA.Demo:( 6859): MagTek.SN=
I/MagTekSCRA.Demo:( 6859): TLV.Version=
I/MagTekSCRA.Demo:( 6859): HashCode=
I/MagTekSCRA.Demo:( 6859): Response.Raw=
I/MagTekSCRA.Demo:( 6859): Track 1 Masked- ''
I/MagTekSCRA.Demo:( 6859): Did not pickup UID
D/dalvikvm( 6859): GC_FOR_ALLOC freed 775K, 10% free 9490K/10484K, paused 15ms, total 15ms
W/InputMethodManagerService(  595): Window already focused, ignoring focus gain of: com.android.internal.view.IInputMethodClient$Stub$Proxy@421adad0 attribute=null, token = android.os.BinderProxy@4243f750
D/dalvikvm( 6859): GC_FOR_ALLOC freed 57K, 6% free 9944K/10484K, paused 12ms, total 12ms
D/dalvikvm( 6859): GC_FOR_ALLOC freed 1001K, 10% free 9454K/10488K, paused 34ms, total 34ms
I/MagTekSCRA.Demo:( 6859): Card swipe successful
I/MagTekSCRA.Demo:( 6859): Response.Length=0
I/MagTekSCRA.Demo:( 6859): EncryptionStatus=
I/MagTekSCRA.Demo:( 6859): SDK.Version=101.20
I/MagTekSCRA.Demo:( 6859): Reader.Type=1
I/MagTekSCRA.Demo:( 6859): Track.Status=
I/MagTekSCRA.Demo:( 6859): KSN=
I/MagTekSCRA.Demo:( 6859): Track1.Masked=
I/MagTekSCRA.Demo:( 6859): Track2.Masked=
I/MagTekSCRA.Demo:( 6859): Track3.Masked=
I/MagTekSCRA.Demo:( 6859): Track1.Encrypted=
I/MagTekSCRA.Demo:( 6859): Track2.Encrypted=
I/MagTekSCRA.Demo:( 6859): Track3.Encrypted=
I/MagTekSCRA.Demo:( 6859): MagnePrint.Encrypted=
I/MagTekSCRA.Demo:( 6859): MagnePrint.Status=
I/MagTekSCRA.Demo:( 6859): Card.IIN=
I/MagTekSCRA.Demo:( 6859): Card.Name=
I/MagTekSCRA.Demo:( 6859): Card.Last4=
I/MagTekSCRA.Demo:( 6859): Card.ExpDate=
I/MagTekSCRA.Demo:( 6859): Card.SvcCode=
I/MagTekSCRA.Demo:( 6859): Card.PANLength=0
I/MagTekSCRA.Demo:( 6859): Device.Serial=
I/MagTekSCRA.Demo:( 6859): SessionID=
I/MagTekSCRA.Demo:( 6859): Card.Status=
I/MagTekSCRA.Demo:( 6859): Firmware.Partnumber=
I/MagTekSCRA.Demo:( 6859): MagTek.SN=
I/MagTekSCRA.Demo:( 6859): TLV.Version=
I/MagTekSCRA.Demo:( 6859): HashCode=
I/MagTekSCRA.Demo:( 6859): Response.Raw=
I/MagTekSCRA.Demo:( 6859): Track 1 Masked- ''
I/MagTekSCRA.Demo:( 6859): Did not pickup UID
W/CordovaPlugin( 6859): Attempted to send a second callback for ID: AndroidCardreaderPlugin1934101523
W/CordovaPlugin( 6859): Result was: "Did not pick up UID"
E/WifiStateMachine(  595): Unexpected BatchedScanResults :OK
D/WifiStateMachine(  595): VerifyingLinkState enter
D/WifiStateMachine(  595): VerifyingLinkState GOOD_LINK_DETECTED: transition to captive portal check
D/WifiStateMachine(  595): CaptivePortalCheckState enter
D/WifiStateMachine(  595): CaptivePortalCheckState CMD_CAPTIVE_CHECK_COMPLETE
D/ConnectivityService(  595): Captive portal check NetworkInfo: type: WIFI[], state: CONNECTING/CAPTIVE_PORTAL_CHECK, reason: (unspecified), extra: "UCLA_WEB", roaming: false, failover: false, isAvailable: true, isConnectedToProvisioningNetwork: false
