D/ConnectivityService(  595): handleCaptivePortalTrackerCheck: call captivePortalCheckComplete ni=NetworkInfo: type: WIFI[], state: CONNECTING/CAPTIVE_PORTAL_CHECK, reason: (unspecified), extra: "UCLA_WEB", roaming: false, failover: false, isAvailable: true, isConnectedToProvisioningNetwork: false
D/ConnectivityService(  595): ConnectivityChange for WIFI: CONNECTED/CONNECTED
E/ConnectivityService(  595): Unexpected mtu value: android.net.wifi.WifiStateTracker@421e43a0
D/ConnectivityService(  595): handleConnectivityChange: address are the same reset per doReset linkProperty[1]: resetMask=0
D/Nat464Xlat(  595): requiresClat: netType=1, hasIPv4Address=true
D/ConnectivityService(  595): NetTransition Wakelock for ConnectedState released by timeout
D/Tethering(  595): MasterInitialState.processMessage what=3
I/PinnedContentDownloader( 2315): Started downloading pinned content.
I/PinnedContentDownloader( 2315): Finished downloading pinned content.
D/MobileConnectivityChangeReceiver( 2727): onReceive Intent { act=android.net.conn.CONNECTIVITY_CHANGE flg=0x4000010 cmp=com.google.android.setupwizard/.MobileConnectivityChangeReceiver (has extras) }
D/MobileConnectivityChangeReceiver( 2727): onReceive CONNECTIVITY_CHANGE networkType=1
I/SystemUpdateService(  958): acquiring wakelock
I/SystemUpdateService(  958): onCreate
D/GCM     (  838): GcmService start Intent { act=android.net.conn.CONNECTIVITY_CHANGE flg=0x4000010 cmp=com.google.android.gms/.gcm.GcmService (has extras) } android.net.conn.CONNECTIVITY_CHANGE
D/dalvikvm(  958): GC_CONCURRENT freed 407K, 5% free 10413K/10852K, paused 2ms+4ms, total 24ms
I/SystemUpdateService(  958): showing system update notification
V/SystemUpdateService(  958): retry (wakeup: false) in 3599979 ms
I/SystemUpdateService(  958): showing system update notification
V/SystemUpdateService(  958): retry (wakeup: false) in 3599993 ms
I/SystemUpdateService(  958): releasing wakelock
D/ConnectivityService(  595): handleInetConditionHoldEnd: net=1, condition=100, published condition=0
D/ConnectivityService(  595): Sampling interval elapsed, updating statistics ..
D/ConnectivityService(  595): Done.
D/ConnectivityService(  595): Setting timer for 720seconds
E/WifiStateMachine(  595): Unexpected BatchedScanResults :OK
D/WifiStateMachine(  595): VerifyingLinkState enter
D/WifiStateMachine(  595): VerifyingLinkState GOOD_LINK_DETECTED: transition to captive portal check
D/WifiStateMachine(  595): CaptivePortalCheckState enter
D/ConnectivityService(  595): Captive portal check NetworkInfo: type: WIFI[], state: CONNECTING/CAPTIVE_PORTAL_CHECK, reason: (unspecified), extra: "UCLA_WEB", roaming: false, failover: false, isAvailable: true, isConnectedToProvisioningNetwork: false
D/ConnectivityService(  595): handleCaptivePortalTrackerCheck: call captivePortalCheckComplete ni=NetworkInfo: type: WIFI[], state: CONNECTING/CAPTIVE_PORTAL_CHECK, reason: (unspecified), extra: "UCLA_WEB", roaming: false, failover: false, isAvailable: true, isConnectedToProvisioningNetwork: false
D/WifiStateMachine(  595): CaptivePortalCheckState CMD_CAPTIVE_CHECK_COMPLETE
D/ConnectivityService(  595): ConnectivityChange for WIFI: CONNECTED/CONNECTED
E/ConnectivityService(  595): Unexpected mtu value: android.net.wifi.WifiStateTracker@421e43a0
D/ConnectivityService(  595): handleConnectivityChange: address are the same reset per doReset linkProperty[1]: resetMask=0
D/Nat464Xlat(  595): requiresClat: netType=1, hasIPv4Address=true
D/dalvikvm(  595): GC_CONCURRENT freed 2684K, 14% free 18167K/21080K, paused 3ms+5ms, total 65ms
D/ConnectivityService(  595): NetTransition Wakelock for ConnectedState released by timeout
D/Tethering(  595): MasterInitialState.processMessage what=3
D/MobileConnectivityChangeReceiver( 2727): onReceive Intent { act=android.net.conn.CONNECTIVITY_CHANGE flg=0x4000010 cmp=com.google.android.setupwizard/.MobileConnectivityChangeReceiver (has extras) }
D/MobileConnectivityChangeReceiver( 2727): onReceive CONNECTIVITY_CHANGE networkType=1
I/PinnedContentDownloader( 2315): Started downloading pinned content.
I/PinnedContentDownloader( 2315): Finished downloading pinned content.
I/SystemUpdateService(  958): acquiring wakelock
I/SystemUpdateService(  958): onCreate
D/GCM     (  838): GcmService start Intent { act=android.net.conn.CONNECTIVITY_CHANGE flg=0x4000010 cmp=com.google.android.gms/.gcm.GcmService (has extras) } android.net.conn.CONNECTIVITY_CHANGE
I/SystemUpdateService(  958): showing system update notification
V/SystemUpdateService(  958): retry (wakeup: false) in 3599989 ms
I/SystemUpdateService(  958): showing system update notification
V/SystemUpdateService(  958): retry (wakeup: false) in 3599993 ms
I/SystemUpdateService(  958): releasing wakelock
D/ConnectivityService(  595): handleInetConditionHoldEnd: net=1, condition=100, published condition=0
D/GCM     (  838): Message class jwi
D/ConnectivityService(  595): handleInetConditionHoldEnd: net=1, condition=100, published condition=100
D/AndroidRuntime( 7348): 
D/AndroidRuntime( 7348): >>>>>> AndroidRuntime START com.android.internal.os.RuntimeInit <<<<<<
D/AndroidRuntime( 7348): CheckJNI is OFF
D/dalvikvm( 7348): Trying to load lib libjavacore.so 0x0
D/dalvikvm( 7348): Added shared lib libjavacore.so 0x0
D/dalvikvm( 7348): Trying to load lib libnativehelper.so 0x0
D/dalvikvm( 7348): Added shared lib libnativehelper.so 0x0
D/dalvikvm( 7348): No JNI_OnLoad found in libnativehelper.so 0x0, skipping init
D/dalvikvm( 7348): Note: class Landroid/app/ActivityManagerNative; has 179 unimplemented (abstract) methods
D/AndroidRuntime( 7348): Calling main entry com.android.commands.pm.Pm
W/ActivityManager(  595): No content provider found for permission revoke: file:///data/local/tmp/HelloWorld-debug-unaligned.apk
D/Finsky  ( 1585): [1] PackageVerificationReceiver.onReceive: Verification requested, id = 11
D/Finsky  ( 1585): [1] WorkerTask.onPreExecute: Verification Requested for id = 11, data=file:///data/local/tmp/HelloWorld-debug-unaligned.apk flags=114 fromVerificationActivity=false
D/dalvikvm( 1585): GC_CONCURRENT freed 3804K, 16% free 20819K/24720K, paused 3ms+4ms, total 36ms
D/dalvikvm( 1585): WAIT_FOR_CONCURRENT_GC blocked 29ms
I/qtaguid ( 1585): Failed write_ctrl(u 84) res=-1 errno=22
I/qtaguid ( 1585): Untagging socket 84 failed errno=-22
W/NetworkManagementSocketTagger( 1585): untagSocket(84) failed with errno -22
I/ElegantRequestDirector( 1585): I/O exception (org.apache.http.NoHttpResponseException) caught when processing request: The target server failed to respond
I/ElegantRequestDirector( 1585): Retrying request
D/Finsky  ( 1585): [1] 2.onResponse: Verification id=11 response=0
D/Finsky  ( 1585): [1] PackageVerificationReceiver.onReceive: Verification requested, id = 11
W/ActivityManager(  595): No content provider found for permission revoke: file:///data/local/tmp/HelloWorld-debug-unaligned.apk
I/PackageManager(  595): Copying native libraries to /data/app-lib/vmdl701891351
I/ActivityManager(  595): Force stopping com.phonegap.helloworld appid=10083 user=-1: uninstall pkg
I/ActivityManager(  595): Killing 6859:com.phonegap.helloworld/u0a83 (adj 0): stop com.phonegap.helloworld
W/ActivityManager(  595): Force removing ActivityRecord{42305920 u0 com.phonegap.helloworld/.HelloWorld t14}: app died, no saved state
W/InputDispatcher(  595): channel '423d9718 com.phonegap.helloworld/com.phonegap.helloworld.HelloWorld (server)' ~ Consumer closed input channel or an error occurred.  events=0x9
E/InputDispatcher(  595): channel '423d9718 com.phonegap.helloworld/com.phonegap.helloworld.HelloWorld (server)' ~ Channel is unrecoverably broken and will be disposed!
W/InputDispatcher(  595): Attempted to unregister already unregistered input channel '423d9718 com.phonegap.helloworld/com.phonegap.helloworld.HelloWorld (server)'
I/WindowState(  595): WIN DEATH: Window{423d9718 u0 com.phonegap.helloworld/com.phonegap.helloworld.HelloWorld}
I/PackageManager(  595): Package com.phonegap.helloworld codePath changed from /data/app/com.phonegap.helloworld-1.apk to /data/app/com.phonegap.helloworld-2.apk; Retaining data and using new
I/PackageManager(  595): Running dexopt on: com.phonegap.helloworld
W/Binder  (  802): Caught a RuntimeException from the binder stub implementation.
W/Binder  (  802): java.lang.NullPointerException
W/Binder  (  802): 	at android.inputmethodservice.IInputMethodWrapper.setSessionEnabled(IInputMethodWrapper.java:280)
W/Binder  (  802): 	at com.android.internal.view.IInputMethod$Stub.onTransact(IInputMethod.java:129)
W/Binder  (  802): 	at android.os.Binder.execTransact(Binder.java:404)
W/Binder  (  802): 	at dalvik.system.NativeStart.run(Native Method)
W/InputMethodManagerService(  595): Got RemoteException sending setActive(false) notification to pid 6859 uid 10083
D/dalvikvm( 7361): DexOpt: load 38ms, verify+opt 121ms, 805380 bytes
I/ActivityManager(  595): Force stopping com.phonegap.helloworld appid=10083 user=-1: update pkg
W/PackageManager(  595): Code path for pkg : com.phonegap.helloworld changing from /data/app/com.phonegap.helloworld-1.apk to /data/app/com.phonegap.helloworld-2.apk
W/PackageManager(  595): Resource path for pkg : com.phonegap.helloworld changing from /data/app/com.phonegap.helloworld-1.apk to /data/app/com.phonegap.helloworld-2.apk
I/ActivityManager(  595): Force stopping com.phonegap.helloworld appid=10083 user=0: pkg removed
D/dalvikvm(  595): GC_CONCURRENT freed 2848K, 17% free 17575K/20972K, paused 2ms+6ms, total 62ms
D/dalvikvm(  903): GC_EXPLICIT freed 3405K, 43% free 20378K/35544K, paused 2ms+4ms, total 34ms
I/InputReader(  595): Reconfiguring input devices.  changes=0x00000010
W/ContextImpl( 2299): Calling a method in the system process without a qualified user: android.app.ContextImpl.startService:1479 android.content.ContextWrapper.startService:494 android.content.ContextWrapper.startService:494 com.android.keychain.KeyChainBroadcastReceiver.onReceive:12 android.app.ActivityThread.handleReceiver:2419 
D/Documents( 6580): Used cached roots for com.android.providers.downloads.documents
D/Documents( 6580): Used cached roots for com.android.externalstorage.documents
D/Documents( 6580): Used cached roots for com.android.providers.media.documents
I/ActivityManager(  595): Delay finish: com.google.android.gms/.app.receiver.SystemBroadcastReceiver
D/Documents( 6580): Used cached roots for com.google.android.apps.docs.storage
D/Documents( 6580): Update found 7 roots in 28ms
I/InputReader(  595): Reconfiguring input devices.  changes=0x00000010
I/ActivityManager(  595): Resuming delayed broadcast
D/PackageBroadcastService(  958): Received broadcast action=android.intent.action.PACKAGE_REMOVED and uri=com.phonegap.helloworld
D/dalvikvm( 1489): GC_EXPLICIT freed 36K, 7% free 10049K/10728K, paused 2ms+48ms, total 111ms
D/BackupManagerService(  595): Received broadcast Intent { act=android.intent.action.PACKAGE_REMOVED dat=package:com.phonegap.helloworld flg=0x4000010 (has extras) }
D/Documents( 6580): Used cached roots for com.android.providers.downloads.documents
D/Documents( 6580): Used cached roots for com.android.externalstorage.documents
D/Documents( 6580): Used cached roots for com.android.providers.media.documents
I/InputReader(  595): Reconfiguring input devices.  changes=0x00000010
D/Documents( 6580): Used cached roots for com.google.android.apps.docs.storage
D/Documents( 6580): Update found 7 roots in 12ms
D/BackupManagerService(  595): Received broadcast Intent { act=android.intent.action.PACKAGE_ADDED dat=package:com.phonegap.helloworld flg=0x4000010 (has extras) }
V/BackupManagerService(  595): removePackageParticipantsLocked: uid=10083 #1
V/BackupManagerService(  595): addPackageParticipantsLocked: #1
D/PackageBroadcastService(  958): Received broadcast action=android.intent.action.PACKAGE_ADDED and uri=com.phonegap.helloworld
I/InternalIcingCorporaPro( 1489): Updating corpora: APPS=com.phonegap.helloworld, CONTACTS=MAYBE
I/ActivityManager(  595): Delay finish: com.google.android.googlequicksearchbox/com.google.android.search.core.summons.icing.InternalIcingCorporaProvider$CorporaChangedReceiver
I/InternalIcingCorporaPro( 1489): UpdateCorporaTask done [took 18 ms] updated apps [took 18 ms] 
I/PeopleContactsSync(  958): CP2 sync disabled
I/ActivityManager(  595): Resuming delayed broadcast
D/dalvikvm(  595): GC_EXPLICIT freed 609K, 17% free 17482K/20972K, paused 3ms+7ms, total 108ms
D/AndroidRuntime( 7348): Shutting down VM
D/jdwp    ( 7348): Got wake-up signal, bailing out of select
D/dalvikvm( 7348): Debugger has detached; object registry had 1 entries
D/PackageBroadcastService(  958): Received broadcast action=android.intent.action.PACKAGE_REPLACED and uri=com.phonegap.helloworld
I/PeopleContactsSync(  958): CP2 sync disabled
D/AndroidRuntime( 7394): 
D/AndroidRuntime( 7394): >>>>>> AndroidRuntime START com.android.internal.os.RuntimeInit <<<<<<
D/AndroidRuntime( 7394): CheckJNI is OFF
D/dalvikvm( 7394): Trying to load lib libjavacore.so 0x0
D/dalvikvm( 7394): Added shared lib libjavacore.so 0x0
D/dalvikvm( 7394): Trying to load lib libnativehelper.so 0x0
D/dalvikvm( 7394): Added shared lib libnativehelper.so 0x0
D/dalvikvm( 7394): No JNI_OnLoad found in libnativehelper.so 0x0, skipping init
D/dalvikvm( 7394): Note: class Landroid/app/ActivityManagerNative; has 179 unimplemented (abstract) methods
D/AndroidRuntime( 7394): Calling main entry com.android.commands.input.Input
I/Input   ( 7394): injectKeyEvent: KeyEvent { action=ACTION_DOWN, keyCode=KEYCODE_MENU, scanCode=0, metaState=0, flags=0x0, repeatCount=0, eventTime=4728376, downTime=4728376, deviceId=-1, source=0x101 }
I/Input   ( 7394): injectKeyEvent: KeyEvent { action=ACTION_UP, keyCode=KEYCODE_MENU, scanCode=0, metaState=0, flags=0x0, repeatCount=0, eventTime=4728376, downTime=4728376, deviceId=-1, source=0x101 }
D/AndroidRuntime( 7394): Shutting down VM
D/jdwp    ( 7394): Got wake-up signal, bailing out of select
D/dalvikvm( 7394): Debugger has detached; object registry had 1 entries
D/AndroidRuntime( 7411): 
D/AndroidRuntime( 7411): >>>>>> AndroidRuntime START com.android.internal.os.RuntimeInit <<<<<<
D/AndroidRuntime( 7411): CheckJNI is OFF
D/dalvikvm( 7411): Trying to load lib libjavacore.so 0x0
D/dalvikvm( 7411): Added shared lib libjavacore.so 0x0
D/dalvikvm( 7411): Trying to load lib libnativehelper.so 0x0
D/dalvikvm( 7411): Added shared lib libnativehelper.so 0x0
D/dalvikvm( 7411): No JNI_OnLoad found in libnativehelper.so 0x0, skipping init
D/dalvikvm( 7411): Note: class Landroid/app/ActivityManagerNative; has 179 unimplemented (abstract) methods
D/AndroidRuntime( 7411): Calling main entry com.android.commands.am.Am
I/ActivityManager(  595): START u0 {act=android.intent.action.MAIN flg=0x10000000 cmp=com.phonegap.helloworld/.HelloWorld} from pid 7411
D/dalvikvm( 7422): Late-enabling CheckJNI
I/ActivityManager(  595): Start proc com.phonegap.helloworld for activity com.phonegap.helloworld/.HelloWorld: pid=7422 uid=10083 gids={50083, 3003}
D/dalvikvm(  180): GC_EXPLICIT freed 42K, 1% free 8980K/9056K, paused 1ms+1ms, total 31ms
D/dalvikvm(  180): GC_EXPLICIT freed <1K, 1% free 8980K/9056K, paused 1ms+2ms, total 17ms
D/dalvikvm(  180): GC_EXPLICIT freed <1K, 1% free 8980K/9056K, paused 1ms+2ms, total 15ms
I/CordovaLog( 7422): Changing log level to DEBUG(3)
D/Whitelist( 7422): Unlimited access to network resources
D/CordovaActivity( 7422): CordovaActivity.onCreate()
V/WebViewChromium( 7422): Binding Chromium to the background looper Looper (main, tid 1) {41e0b0d8}
I/chromium( 7422): [INFO:library_loader_hooks.cc(112)] Chromium logging enabled: level = 0, default verbosity = 0
I/BrowserProcessMain( 7422): Initializing chromium process, renderers=0
W/chromium( 7422): [WARNING:proxy_service.cc(888)] PAC support disabled because there is no system implementation
I/Adreno-EGL( 7422): <qeglDrvAPI_eglInitialize:320>: EGL 1.4 QUALCOMM Build: I0404c4692afb8623f95c43aeb6d5e13ed4b30ddbDate: 11/06/13
D/CordovaWebView( 7422): CordovaWebView is running on device made by: asus
D/JsMessageQueue( 7422): Set native->JS mode to 2
D/CordovaActivity( 7422): CordovaActivity.init()
D/CordovaWebView( 7422): >>> loadUrl(file:///android_asset/www/index.html)
D/PluginManager( 7422): init()
D/CordovaWebView( 7422): >>> loadUrlNow()
I/CordovaLog( 7422): Changing log level to DEBUG(3)
D/Whitelist( 7422): Unlimited access to network resources
D/CordovaActivity( 7422): Resuming the App
D/CordovaActivity( 7422): CB-3064: The errorUrl is null
D/SoftKeyboardDetect( 7422): Ignore this event
D/OpenGLRenderer( 7422): Enabling debug mode 0
D/SoftKeyboardDetect( 7422): Ignore this event
I/ActivityManager(  595): Displayed com.phonegap.helloworld/.HelloWorld: +267ms
D/AndroidRuntime( 7411): Shutting down VM
D/jdwp    ( 7411): Got wake-up signal, bailing out of select
D/dalvikvm( 7411): Debugger has detached; object registry had 1 entries
D/CordovaActivity( 7422): onMessage(onPageStarted,file:///android_asset/www/index.html)
D/CordovaLog( 7422): file:///android_asset/www/index.html: Line 25 : Viewport target-densitydpi is not supported.
I/chromium( 7422): [INFO:CONSOLE(25)] "Viewport target-densitydpi is not supported.", source: file:///android_asset/www/index.html (25)
E/AndroidProtocolHandler( 7422): Unable to open asset URL: file:///android_asset/www/img/bg-spinner.gif
D/SoftKeyboardDetect( 7422): Ignore this event
D/CordovaLog( 7422): file:///android_asset/www/phonegap.js: Line 1548 : Could not find cordova.js script tag. Plugin loading may fail.
I/chromium( 7422): [INFO:CONSOLE(1548)] "Could not find cordova.js script tag. Plugin loading may fail.", source: file:///android_asset/www/phonegap.js (1548)
E/AndroidProtocolHandler( 7422): Unable to open asset URL: file:///android_asset/www/img/bg-spinner.gif
D/CordovaWebViewClient( 7422): onPageFinished(file:///android_asset/www/index.html)
D/CordovaActivity( 7422): onMessage(onPageFinished,file:///android_asset/www/index.html)
D/CordovaActivity( 7422): onMessage(spinner,stop)
I/chromium( 7422): [INFO:async_pixel_transfer_manager_android.cc(56)] Async pixel transfers not supported
I/chromium( 7422): [INFO:async_pixel_transfer_manager_android.cc(56)] Async pixel transfers not supported
E/qdutils ( 7422): FBIOGET_FSCREENINFO failed
D/CordovaLog( 7422): file:///android_asset/www/js/index.js: Line 54 : Received Event: deviceready
I/chromium( 7422): [INFO:CONSOLE(54)] "Received Event: deviceready", source: file:///android_asset/www/js/index.js (54)
D/CordovaActivity( 7422): onMessage(spinner,stop)
I/LatinIME(  802): Starting input. Cursor position = 0,0
I/LatinIME:LogUtils(  802): Dictionary info: dictionary = UserHistoryDictionary.en_US ; version = 1401468904 ; date = 1404150492
I/LatinIME:LogUtils(  802): Dictionary info: dictionary = PersonalizationDictionary.en_US ; version = 1401468904 ; date = 1404150492
I/LatinIME:LogUtils(  802): Dictionary info: dictionary = PersonalizationDictionary.en_US ; version = 1401468904 ; date = 1404150492
D/SoftKeyboardDetect( 7422): Ignore this event
D/dalvikvm(  802): GC_FOR_ALLOC freed 4539K, 32% free 10730K/15756K, paused 35ms, total 35ms
I/dalvikvm-heap(  802): Grow heap (frag case) to 14.027MB for 3624016-byte allocation
D/dalvikvm(  802): GC_FOR_ALLOC freed 12K, 27% free 14257K/19296K, paused 17ms, total 17ms
D/dalvikvm(  802): GC_CONCURRENT freed 58K, 27% free 14199K/19296K, paused 2ms+2ms, total 25ms
I/LatinIME:LogUtils(  802): Dictionary info: dictionary = PersonalizationDictionary.en_US ; version = 1401468904 ; date = 1404150492
I/LatinIME:LogUtils(  802): Dictionary info: dictionary = contacts.en_US ; version = 1401468904 ; date = 1401468904
D/Finsky  ( 1585): [1] 5.onFinished: Installation state replication succeeded.
D/dalvikvm(  802): GC_CONCURRENT freed 1548K, 26% free 14348K/19296K, paused 2ms+5ms, total 39ms
I/LatinIME(  802): Starting input. Cursor position = 0,0
D/SoftKeyboardDetect( 7422): Ignore this event
D/CordovaActivity( 7422): onMessage(onPageStarted,file:///android_asset/www/login.html)
D/CordovaLog( 7422): file:///android_asset/www/login.html: Line 25 : Viewport target-densitydpi is not supported.
I/chromium( 7422): [INFO:CONSOLE(25)] "Viewport target-densitydpi is not supported.", source: file:///android_asset/www/login.html (25)
D/CordovaLog( 7422): file:///android_asset/www/phonegap.js: Line 1548 : Could not find cordova.js script tag. Plugin loading may fail.
I/chromium( 7422): [INFO:CONSOLE(1548)] "Could not find cordova.js script tag. Plugin loading may fail.", source: file:///android_asset/www/phonegap.js (1548)
D/CordovaWebViewClient( 7422): onPageFinished(file:///android_asset/www/login.html)
D/CordovaActivity( 7422): onMessage(onPageFinished,file:///android_asset/www/login.html)
D/CordovaActivity( 7422): onMessage(spinner,stop)
D/CordovaLog( 7422): file:///android_asset/www/js/login.js: Line 71 : Received Event: deviceready
I/chromium( 7422): [INFO:CONSOLE(71)] "Received Event: deviceready", source: file:///android_asset/www/js/login.js (71)
I/dalvikvm( 7422): Failed resolving Lcom/magtek/mobile/android/scra/BaseObject; interface 558 'Lorg/ksoap2/serialization/KvmSerializable;'
W/dalvikvm( 7422): Link of class 'Lcom/magtek/mobile/android/scra/BaseObject;' failed
W/dalvikvm( 7422): Unable to resolve superclass of Lcom/magtek/mobile/android/scra/ProcessMessageResponse; (109)
W/dalvikvm( 7422): Link of class 'Lcom/magtek/mobile/android/scra/ProcessMessageResponse;' failed
E/dalvikvm( 7422): Could not find class 'com.magtek.mobile.android.scra.ProcessMessageResponse', referenced from method com.magtek.mobile.android.scra.MagTekSCRA.getConfigurationResponse
W/dalvikvm( 7422): VFY: unable to resolve new-instance 127 (Lcom/magtek/mobile/android/scra/ProcessMessageResponse;) in Lcom/magtek/mobile/android/scra/MagTekSCRA;
D/dalvikvm( 7422): VFY: replacing opcode 0x22 at 0x0000
I/dalvikvm( 7422): Failed resolving Lcom/magtek/mobile/android/scra/BaseObject; interface 558 'Lorg/ksoap2/serialization/KvmSerializable;'
W/dalvikvm( 7422): Link of class 'Lcom/magtek/mobile/android/scra/BaseObject;' failed
W/dalvikvm( 7422): Unable to resolve superclass of Lcom/magtek/mobile/android/scra/SCRAConfigurationDeviceInfo; (109)
W/dalvikvm( 7422): Link of class 'Lcom/magtek/mobile/android/scra/SCRAConfigurationDeviceInfo;' failed
W/dalvikvm( 7422): VFY: unable to find class referenced in signature (Lcom/magtek/mobile/android/scra/SCRAConfigurationDeviceInfo;)
I/dalvikvm( 7422): Failed resolving Lcom/magtek/mobile/android/scra/BaseObject; interface 558 'Lorg/ksoap2/serialization/KvmSerializable;'
W/dalvikvm( 7422): Link of class 'Lcom/magtek/mobile/android/scra/BaseObject;' failed
W/dalvikvm( 7422): Unable to resolve superclass of Lcom/magtek/mobile/android/scra/ProcessMessageRequest; (109)
W/dalvikvm( 7422): Link of class 'Lcom/magtek/mobile/android/scra/ProcessMessageRequest;' failed
E/dalvikvm( 7422): Could not find class 'com.magtek.mobile.android.scra.ProcessMessageRequest', referenced from method com.magtek.mobile.android.scra.MagTekSCRA.getConfigurationResponse
W/dalvikvm( 7422): VFY: unable to resolve new-instance 126 (Lcom/magtek/mobile/android/scra/ProcessMessageRequest;) in Lcom/magtek/mobile/android/scra/MagTekSCRA;
D/dalvikvm( 7422): VFY: replacing opcode 0x22 at 0x0001
I/dalvikvm( 7422): Failed resolving Lcom/magtek/mobile/android/scra/BaseObject; interface 558 'Lorg/ksoap2/serialization/KvmSerializable;'
W/dalvikvm( 7422): Link of class 'Lcom/magtek/mobile/android/scra/BaseObject;' failed
W/dalvikvm( 7422): Unable to resolve superclass of Lcom/magtek/mobile/android/scra/SCRAConfigurationDeviceInfo; (109)
W/dalvikvm( 7422): Link of class 'Lcom/magtek/mobile/android/scra/SCRAConfigurationDeviceInfo;' failed
W/dalvikvm( 7422): VFY: unable to find class referenced in signature (Lcom/magtek/mobile/android/scra/SCRAConfigurationDeviceInfo;)
I/dalvikvm( 7422): Failed resolving Lcom/magtek/mobile/android/scra/BaseObject; interface 558 'Lorg/ksoap2/serialization/KvmSerializable;'
W/dalvikvm( 7422): Link of class 'Lcom/magtek/mobile/android/scra/BaseObject;' failed
W/dalvikvm( 7422): Unable to resolve superclass of Lcom/magtek/mobile/android/scra/ProcessMessageRequest; (109)
W/dalvikvm( 7422): Link of class 'Lcom/magtek/mobile/android/scra/ProcessMessageRequest;' failed
D/dalvikvm( 7422): GC_FOR_ALLOC freed 348K, 4% free 9145K/9524K, paused 12ms, total 12ms
E/dalvikvm( 7422): Could not find class 'com.magtek.mobile.android.scra.ProcessMessageRequest', referenced from method com.magtek.mobile.android.scra.MagTekSCRA.getConfigurationXML
W/dalvikvm( 7422): VFY: unable to resolve new-instance 126 (Lcom/magtek/mobile/android/scra/ProcessMessageRequest;) in Lcom/magtek/mobile/android/scra/MagTekSCRA;
D/dalvikvm( 7422): VFY: replacing opcode 0x22 at 0x0001
I/dalvikvm( 7422): Failed resolving Lcom/magtek/mobile/android/scra/BaseObject; interface 558 'Lorg/ksoap2/serialization/KvmSerializable;'
W/dalvikvm( 7422): Link of class 'Lcom/magtek/mobile/android/scra/BaseObject;' failed
W/dalvikvm( 7422): Unable to resolve superclass of Lcom/magtek/mobile/android/scra/SCRAConfigurationDeviceInfo; (109)
W/dalvikvm( 7422): Link of class 'Lcom/magtek/mobile/android/scra/SCRAConfigurationDeviceInfo;' failed
W/dalvikvm( 7422): VFY: unable to find class referenced in signature (Lcom/magtek/mobile/android/scra/SCRAConfigurationDeviceInfo;)
I/dalvikvm( 7422): Failed resolving Lcom/magtek/mobile/android/scra/BaseObject; interface 558 'Lorg/ksoap2/serialization/KvmSerializable;'
W/dalvikvm( 7422): Link of class 'Lcom/magtek/mobile/android/scra/BaseObject;' failed
W/dalvikvm( 7422): Unable to resolve superclass of Lcom/magtek/mobile/android/scra/SCRAConfigurationDeviceInfo; (109)
W/dalvikvm( 7422): Link of class 'Lcom/magtek/mobile/android/scra/SCRAConfigurationDeviceInfo;' failed
W/dalvikvm( 7422): VFY: unable to find class referenced in signature (Lcom/magtek/mobile/android/scra/SCRAConfigurationDeviceInfo;)
I/dalvikvm( 7422): Failed resolving Lcom/magtek/mobile/android/scra/BaseObject; interface 558 'Lorg/ksoap2/serialization/KvmSerializable;'
W/dalvikvm( 7422): Link of class 'Lcom/magtek/mobile/android/scra/BaseObject;' failed
W/dalvikvm( 7422): Unable to resolve superclass of Lcom/magtek/mobile/android/scra/ProcessMessageResponse; (109)
W/dalvikvm( 7422): Link of class 'Lcom/magtek/mobile/android/scra/ProcessMessageResponse;' failed
W/dalvikvm( 7422): VFY: unable to find class referenced in signature (Lcom/magtek/mobile/android/scra/ProcessMessageResponse;)
I/dalvikvm( 7422): Failed resolving Lcom/magtek/mobile/android/scra/BaseObject; interface 558 'Lorg/ksoap2/serialization/KvmSerializable;'
W/dalvikvm( 7422): Link of class 'Lcom/magtek/mobile/android/scra/BaseObject;' failed
W/dalvikvm( 7422): Unable to resolve superclass of Lcom/magtek/mobile/android/scra/ProcessMessageResponse; (109)
W/dalvikvm( 7422): Link of class 'Lcom/magtek/mobile/android/scra/ProcessMessageResponse;' failed
W/dalvikvm( 7422): VFY: unable to find class referenced in signature (Lcom/magtek/mobile/android/scra/ProcessMessageResponse;)
I/dalvikvm( 7422): Failed resolving Lcom/magtek/mobile/android/scra/BaseObject; interface 558 'Lorg/ksoap2/serialization/KvmSerializable;'
W/dalvikvm( 7422): Link of class 'Lcom/magtek/mobile/android/scra/BaseObject;' failed
W/dalvikvm( 7422): Unable to resolve superclass of Lcom/magtek/mobile/android/scra/SCRAConfiguration; (109)
W/dalvikvm( 7422): Link of class 'Lcom/magtek/mobile/android/scra/SCRAConfiguration;' failed
W/dalvikvm( 7422): VFY: unable to find class referenced in signature (Lcom/magtek/mobile/android/scra/SCRAConfiguration;)
I/dalvikvm( 7422): Failed resolving Lcom/magtek/mobile/android/scra/BaseObject; interface 558 'Lorg/ksoap2/serialization/KvmSerializable;'
W/dalvikvm( 7422): Link of class 'Lcom/magtek/mobile/android/scra/BaseObject;' failed
W/dalvikvm( 7422): Unable to resolve superclass of Lcom/magtek/mobile/android/scra/SCRAConfiguration; (109)
W/dalvikvm( 7422): Link of class 'Lcom/magtek/mobile/android/scra/SCRAConfiguration;' failed
W/dalvikvm( 7422): VFY: unable to resolve instance field 160
D/dalvikvm( 7422): VFY: replacing opcode 0x54 at 0x0016
I/dalvikvm( 7422): Failed resolving Lcom/magtek/mobile/android/scra/BaseObject; interface 558 'Lorg/ksoap2/serialization/KvmSerializable;'
W/dalvikvm( 7422): Link of class 'Lcom/magtek/mobile/android/scra/BaseObject;' failed
W/dalvikvm( 7422): Unable to resolve superclass of Lcom/magtek/mobile/android/scra/ProcessMessageResponse; (109)
W/dalvikvm( 7422): Link of class 'Lcom/magtek/mobile/android/scra/ProcessMessageResponse;' failed
W/dalvikvm( 7422): VFY: unable to find class referenced in signature (Lcom/magtek/mobile/android/scra/ProcessMessageResponse;)
I/dalvikvm( 7422): Failed resolving Lcom/magtek/mobile/android/scra/BaseObject; interface 558 'Lorg/ksoap2/serialization/KvmSerializable;'
W/dalvikvm( 7422): Link of class 'Lcom/magtek/mobile/android/scra/BaseObject;' failed
W/dalvikvm( 7422): Unable to resolve superclass of Lcom/magtek/mobile/android/scra/ProcessMessageResponse; (109)
W/dalvikvm( 7422): Link of class 'Lcom/magtek/mobile/android/scra/ProcessMessageResponse;' failed
W/dalvikvm( 7422): VFY: unable to resolve instance field 147
D/dalvikvm( 7422): VFY: replacing opcode 0x54 at 0x0011
I/dalvikvm( 7422): Failed resolving Lcom/magtek/mobile/android/scra/BaseObject; interface 558 'Lorg/ksoap2/serialization/KvmSerializable;'
W/dalvikvm( 7422): Link of class 'Lcom/magtek/mobile/android/scra/BaseObject;' failed
W/dalvikvm( 7422): Unable to resolve superclass of Lcom/magtek/mobile/android/scra/ProcessMessageResponse; (109)
W/dalvikvm( 7422): Link of class 'Lcom/magtek/mobile/android/scra/ProcessMessageResponse;' failed
W/dalvikvm( 7422): VFY: unable to find class referenced in signature (Lcom/magtek/mobile/android/scra/ProcessMessageResponse;)
I/dalvikvm( 7422): Failed resolving Lcom/magtek/mobile/android/scra/BaseObject; interface 558 'Lorg/ksoap2/serialization/KvmSerializable;'
W/dalvikvm( 7422): Link of class 'Lcom/magtek/mobile/android/scra/BaseObject;' failed
W/dalvikvm( 7422): Unable to resolve superclass of Lcom/magtek/mobile/android/scra/ProcessMessageResponse; (109)
W/dalvikvm( 7422): Link of class 'Lcom/magtek/mobile/android/scra/ProcessMessageResponse;' failed
W/dalvikvm( 7422): VFY: unable to find class referenced in signature (Lcom/magtek/mobile/android/scra/ProcessMessageResponse;)
I/dalvikvm( 7422): Failed resolving Lcom/magtek/mobile/android/scra/BaseObject; interface 558 'Lorg/ksoap2/serialization/KvmSerializable;'
W/dalvikvm( 7422): Link of class 'Lcom/magtek/mobile/android/scra/BaseObject;' failed
W/dalvikvm( 7422): Unable to resolve superclass of Lcom/magtek/mobile/android/scra/ProcessMessageResponse; (109)
W/dalvikvm( 7422): Link of class 'Lcom/magtek/mobile/android/scra/ProcessMessageResponse;' failed
D/dalvikvm( 7422): DexOpt: unable to opt direct call 0x0223 at 0x02 in Lcom/magtek/mobile/android/scra/MagTekSCRA;.getConfigurationResponse
I/dalvikvm( 7422): Failed resolving Lcom/magtek/mobile/android/scra/BaseObject; interface 558 'Lorg/ksoap2/serialization/KvmSerializable;'
W/dalvikvm( 7422): Link of class 'Lcom/magtek/mobile/android/scra/BaseObject;' failed
W/dalvikvm( 7422): Unable to resolve superclass of Lcom/magtek/mobile/android/scra/ResponsePayload; (109)
W/dalvikvm( 7422): Link of class 'Lcom/magtek/mobile/android/scra/ResponsePayload;' failed
D/dalvikvm( 7422): DexOpt: unable to opt direct call 0x0230 at 0x07 in Lcom/magtek/mobile/android/scra/MagTekSCRA;.getConfigurationResponse
I/dalvikvm( 7422): Failed resolving Lcom/magtek/mobile/android/scra/BaseObject; interface 558 'Lorg/ksoap2/serialization/KvmSerializable;'
W/dalvikvm( 7422): Link of class 'Lcom/magtek/mobile/android/scra/BaseObject;' failed
W/dalvikvm( 7422): Unable to resolve superclass of Lcom/magtek/mobile/android/scra/ProcessMessageResponse; (109)
W/dalvikvm( 7422): Link of class 'Lcom/magtek/mobile/android/scra/ProcessMessageResponse;' failed
I/dalvikvm( 7422): DexOpt: unable to optimize instance field ref 0x0093 at 0x0a in Lcom/magtek/mobile/android/scra/MagTekSCRA;.getConfigurationResponse
I/dalvikvm( 7422): Failed resolving Lcom/magtek/mobile/android/scra/BaseObject; interface 558 'Lorg/ksoap2/serialization/KvmSerializable;'
W/dalvikvm( 7422): Link of class 'Lcom/magtek/mobile/android/scra/BaseObject;' failed
W/dalvikvm( 7422): Unable to resolve superclass of Lcom/magtek/mobile/android/scra/ProcessMessageResponse; (109)
W/dalvikvm( 7422): Link of class 'Lcom/magtek/mobile/android/scra/ProcessMessageResponse;' failed
I/dalvikvm( 7422): DexOpt: unable to optimize instance field ref 0x0093 at 0x0c in Lcom/magtek/mobile/android/scra/MagTekSCRA;.getConfigurationResponse
I/dalvikvm( 7422): Failed resolving Lcom/magtek/mobile/android/scra/LiteralArrayVector; interface 558 'Lorg/ksoap2/serialization/KvmSerializable;'
W/dalvikvm( 7422): Link of class 'Lcom/magtek/mobile/android/scra/LiteralArrayVector;' failed
W/dalvikvm( 7422): Unable to resolve superclass of Lcom/magtek/mobile/android/scra/ArrayOfSCRAConfiguration; (118)
W/dalvikvm( 7422): Link of class 'Lcom/magtek/mobile/android/scra/ArrayOfSCRAConfiguration;' failed
D/dalvikvm( 7422): DexOpt: unable to opt direct call 0x0120 at 0x10 in Lcom/magtek/mobile/android/scra/MagTekSCRA;.getConfigurationResponse
I/dalvikvm( 7422): Failed resolving Lcom/magtek/mobile/android/scra/BaseObject; interface 558 'Lorg/ksoap2/serialization/KvmSerializable;'
W/dalvikvm( 7422): Link of class 'Lcom/magtek/mobile/android/scra/BaseObject;' failed
W/dalvikvm( 7422): Unable to resolve superclass of Lcom/magtek/mobile/android/scra/ResponsePayload; (109)
W/dalvikvm( 7422): Link of class 'Lcom/magtek/mobile/android/scra/ResponsePayload;' failed
I/dalvikvm( 7422): DexOpt: unable to optimize instance field ref 0x009d at 0x13 in Lcom/magtek/mobile/android/scra/MagTekSCRA;.getConfigurationResponse
I/dalvikvm( 7422): Failed resolving Lcom/magtek/mobile/android/scra/BaseObject; interface 558 'Lorg/ksoap2/serialization/KvmSerializable;'
W/dalvikvm( 7422): Link of class 'Lcom/magtek/mobile/android/scra/BaseObject;' failed
W/dalvikvm( 7422): Unable to resolve superclass of Lcom/magtek/mobile/android/scra/ProcessMessageResponse; (109)
W/dalvikvm( 7422): Link of class 'Lcom/magtek/mobile/android/scra/ProcessMessageResponse;' failed
I/dalvikvm( 7422): DexOpt: unable to optimize instance field ref 0x0093 at 0x15 in Lcom/magtek/mobile/android/scra/MagTekSCRA;.getConfigurationResponse
I/dalvikvm( 7422): Failed resolving Lcom/magtek/mobile/android/scra/BaseObject; interface 558 'Lorg/ksoap2/serialization/KvmSerializable;'
W/dalvikvm( 7422): Link of class 'Lcom/magtek/mobile/android/scra/BaseObject;' failed
W/dalvikvm( 7422): Unable to resolve superclass of Lcom/magtek/mobile/android/scra/StatusCode; (109)
W/dalvikvm( 7422): Link of class 'Lcom/magtek/mobile/android/scra/StatusCode;' failed
D/dalvikvm( 7422): DexOpt: unable to opt direct call 0x024c at 0x19 in Lcom/magtek/mobile/android/scra/MagTekSCRA;.getConfigurationResponse
I/dalvikvm( 7422): Failed resolving Lcom/magtek/mobile/android/scra/BaseObject; interface 558 'Lorg/ksoap2/serialization/KvmSerializable;'
W/dalvikvm( 7422): Link of class 'Lcom/magtek/mobile/android/scra/BaseObject;' failed
W/dalvikvm( 7422): Unable to resolve superclass of Lcom/magtek/mobile/android/scra/ResponsePayload; (109)
W/dalvikvm( 7422): Link of class 'Lcom/magtek/mobile/android/scra/ResponsePayload;' failed
I/dalvikvm( 7422): DexOpt: unable to optimize instance field ref 0x009e at 0x1c in Lcom/magtek/mobile/android/scra/MagTekSCRA;.getConfigurationResponse
I/dalvikvm( 7422): Failed resolving Lcom/magtek/mobile/android/scra/BaseObject; interface 558 'Lorg/ksoap2/serialization/KvmSerializable;'
W/dalvikvm( 7422): Link of class 'Lcom/magtek/mobile/android/scra/BaseObject;' failed
W/dalvikvm( 7422): Unable to resolve superclass of Lcom/magtek/mobile/android/scra/ProcessMessageResponse; (109)
W/dalvikvm( 7422): Link of class 'Lcom/magtek/mobile/android/scra/ProcessMessageResponse;' failed
I/dalvikvm( 7422): DexOpt: unable to optimize instance field ref 0x0093 at 0x1e in Lcom/magtek/mobile/android/scra/MagTekSCRA;.getConfigurationResponse
I/dalvikvm( 7422): Failed resolving Lcom/magtek/mobile/android/scra/BaseObject; interface 558 'Lorg/ksoap2/serialization/KvmSerializable;'
W/dalvikvm( 7422): Link of class 'Lcom/magtek/mobile/android/scra/BaseObject;' failed
W/dalvikvm( 7422): Unable to resolve superclass of Lcom/magtek/mobile/android/scra/ResponsePayload; (109)
W/dalvikvm( 7422): Link of class 'Lcom/magtek/mobile/android/scra/ResponsePayload;' failed
I/dalvikvm( 7422): DexOpt: unable to optimize instance field ref 0x009f at 0x22 in Lcom/magtek/mobile/android/scra/MagTekSCRA;.getConfigurationResponse
I/dalvikvm( 7422): Failed resolving Lcom/magtek/mobile/android/scra/BaseObject; interface 558 'Lorg/ksoap2/serialization/KvmSerializable;'
W/dalvikvm( 7422): Link of class 'Lcom/magtek/mobile/android/scra/BaseObject;' failed
W/dalvikvm( 7422): Unable to resolve superclass of Lcom/magtek/mobile/android/scra/ProcessMessageRequest; (109)
W/dalvikvm( 7422): Link of class 'Lcom/magtek/mobile/android/scra/ProcessMessageRequest;' failed
D/dalvikvm( 7422): DexOpt: unable to opt direct call 0x021d at 0x03 in Lcom/magtek/mobile/android/scra/MagTekSCRA;.getConfigurationResponse
I/dalvikvm( 7422): Failed resolving Lcom/magtek/mobile/android/scra/BaseObject; interface 558 'Lorg/ksoap2/serialization/KvmSerializable;'
W/dalvikvm( 7422): Link of class 'Lcom/magtek/mobile/android/scra/BaseObject;' failed
W/dalvikvm( 7422): Unable to resolve superclass of Lcom/magtek/mobile/android/scra/ProcessMessageResponse; (109)
W/dalvikvm( 7422): Link of class 'Lcom/magtek/mobile/android/scra/ProcessMessageResponse;' failed
D/dalvikvm( 7422): DexOpt: unable to opt direct call 0x0223 at 0x08 in Lcom/magtek/mobile/android/scra/MagTekSCRA;.getConfigurationResponse
I/dalvikvm( 7422): Failed resolving Lcom/magtek/mobile/android/scra/BaseObject; interface 558 'Lorg/ksoap2/serialization/KvmSerializable;'
W/dalvikvm( 7422): Link of class 'Lcom/magtek/mobile/android/scra/BaseObject;' failed
W/dalvikvm( 7422): Unable to resolve superclass of Lcom/magtek/mobile/android/scra/ResponsePayload; (109)
W/dalvikvm( 7422): Link of class 'Lcom/magtek/mobile/android/scra/ResponsePayload;' failed
D/dalvikvm( 7422): DexOpt: unable to opt direct call 0x0230 at 0x0d in Lcom/magtek/mobile/android/scra/MagTekSCRA;.getConfigurationResponse
I/dalvikvm( 7422): Failed resolving Lcom/magtek/mobile/android/scra/BaseObject; interface 558 'Lorg/ksoap2/serialization/KvmSerializable;'
W/dalvikvm( 7422): Link of class 'Lcom/magtek/mobile/android/scra/BaseObject;' failed
W/dalvikvm( 7422): Unable to resolve superclass of Lcom/magtek/mobile/android/scra/ProcessMessageResponse; (109)
W/dalvikvm( 7422): Link of class 'Lcom/magtek/mobile/android/scra/ProcessMessageResponse;' failed
I/dalvikvm( 7422): DexOpt: unable to optimize instance field ref 0x0093 at 0x10 in Lcom/magtek/mobile/android/scra/MagTekSCRA;.getConfigurationResponse
I/dalvikvm( 7422): Failed resolving Lcom/magtek/mobile/android/scra/BaseObject; interface 558 'Lorg/ksoap2/serialization/KvmSerializable;'
W/dalvikvm( 7422): Link of class 'Lcom/magtek/mobile/android/scra/BaseObject;' failed
W/dalvikvm( 7422): Unable to resolve superclass of Lcom/magtek/mobile/android/scra/ProcessMessageResponse; (109)
W/dalvikvm( 7422): Link of class 'Lcom/magtek/mobile/android/scra/ProcessMessageResponse;' failed
I/dalvikvm( 7422): DexOpt: unable to optimize instance field ref 0x0093 at 0x12 in Lcom/magtek/mobile/android/scra/MagTekSCRA;.getConfigurationResponse
I/dalvikvm( 7422): Failed resolving Lcom/magtek/mobile/android/scra/LiteralArrayVector; interface 558 'Lorg/ksoap2/serialization/KvmSerializable;'
W/dalvikvm( 7422): Link of class 'Lcom/magtek/mobile/android/scra/LiteralArrayVector;' failed
W/dalvikvm( 7422): Unable to resolve superclass of Lcom/magtek/mobile/android/scra/ArrayOfSCRAConfiguration; (118)
W/dalvikvm( 7422): Link of class 'Lcom/magtek/mobile/android/scra/ArrayOfSCRAConfiguration;' failed
D/dalvikvm( 7422): DexOpt: unable to opt direct call 0x0120 at 0x16 in Lcom/magtek/mobile/android/scra/MagTekSCRA;.getConfigurationResponse
I/dalvikvm( 7422): Failed resolving Lcom/magtek/mobile/android/scra/BaseObject; interface 558 'Lorg/ksoap2/serialization/KvmSerializable;'
W/dalvikvm( 7422): Link of class 'Lcom/magtek/mobile/android/scra/BaseObject;' failed
W/dalvikvm( 7422): Unable to resolve superclass of Lcom/magtek/mobile/android/scra/ResponsePayload; (109)
W/dalvikvm( 7422): Link of class 'Lcom/magtek/mobile/android/scra/ResponsePayload;' failed
I/dalvikvm( 7422): DexOpt: unable to optimize instance field ref 0x009d at 0x19 in Lcom/magtek/mobile/android/scra/MagTekSCRA;.getConfigurationResponse
I/dalvikvm( 7422): Failed resolving Lcom/magtek/mobile/android/scra/BaseObject; interface 558 'Lorg/ksoap2/serialization/KvmSerializable;'
W/dalvikvm( 7422): Link of class 'Lcom/magtek/mobile/android/scra/BaseObject;' failed
W/dalvikvm( 7422): Unable to resolve superclass of Lcom/magtek/mobile/android/scra/ProcessMessageResponse; (109)
W/dalvikvm( 7422): Link of class 'Lcom/magtek/mobile/android/scra/ProcessMessageResponse;' failed
I/dalvikvm( 7422): DexOpt: unable to optimize instance field ref 0x0093 at 0x1b in Lcom/magtek/mobile/android/scra/MagTekSCRA;.getConfigurationResponse
I/dalvikvm( 7422): Failed resolving Lcom/magtek/mobile/android/scra/BaseObject; interface 558 'Lorg/ksoap2/serialization/KvmSerializable;'
W/dalvikvm( 7422): Link of class 'Lcom/magtek/mobile/android/scra/BaseObject;' failed
W/dalvikvm( 7422): Unable to resolve superclass of Lcom/magtek/mobile/android/scra/StatusCode; (109)
W/dalvikvm( 7422): Link of class 'Lcom/magtek/mobile/android/scra/StatusCode;' failed
D/dalvikvm( 7422): DexOpt: unable to opt direct call 0x024c at 0x1f in Lcom/magtek/mobile/android/scra/MagTekSCRA;.getConfigurationResponse
I/dalvikvm( 7422): Failed resolving Lcom/magtek/mobile/android/scra/BaseObject; interface 558 'Lorg/ksoap2/serialization/KvmSerializable;'
W/dalvikvm( 7422): Link of class 'Lcom/magtek/mobile/android/scra/BaseObject;' failed
W/dalvikvm( 7422): Unable to resolve superclass of Lcom/magtek/mobile/android/scra/ResponsePayload; (109)
W/dalvikvm( 7422): Link of class 'Lcom/magtek/mobile/android/scra/ResponsePayload;' failed
D/dalvikvm( 7422): GC_FOR_ALLOC freed 521K, 6% free 9134K/9688K, paused 10ms, total 10ms
I/dalvikvm( 7422): DexOpt: unable to optimize instance field ref 0x009e at 0x22 in Lcom/magtek/mobile/android/scra/MagTekSCRA;.getConfigurationResponse
I/dalvikvm( 7422): Failed resolving Lcom/magtek/mobile/android/scra/BaseObject; interface 558 'Lorg/ksoap2/serialization/KvmSerializable;'
W/dalvikvm( 7422): Link of class 'Lcom/magtek/mobile/android/scra/BaseObject;' failed
W/dalvikvm( 7422): Unable to resolve superclass of Lcom/magtek/mobile/android/scra/ProcessMessageResponse; (109)
W/dalvikvm( 7422): Link of class 'Lcom/magtek/mobile/android/scra/ProcessMessageResponse;' failed
I/dalvikvm( 7422): DexOpt: unable to optimize instance field ref 0x0093 at 0x24 in Lcom/magtek/mobile/android/scra/MagTekSCRA;.getConfigurationResponse
I/dalvikvm( 7422): Failed resolving Lcom/magtek/mobile/android/scra/BaseObject; interface 558 'Lorg/ksoap2/serialization/KvmSerializable;'
W/dalvikvm( 7422): Link of class 'Lcom/magtek/mobile/android/scra/BaseObject;' failed
W/dalvikvm( 7422): Unable to resolve superclass of Lcom/magtek/mobile/android/scra/ResponsePayload; (109)
W/dalvikvm( 7422): Link of class 'Lcom/magtek/mobile/android/scra/ResponsePayload;' failed
I/dalvikvm( 7422): DexOpt: unable to optimize instance field ref 0x009f at 0x28 in Lcom/magtek/mobile/android/scra/MagTekSCRA;.getConfigurationResponse
I/dalvikvm( 7422): Failed resolving Lcom/magtek/mobile/android/scra/BaseObject; interface 558 'Lorg/ksoap2/serialization/KvmSerializable;'
W/dalvikvm( 7422): Link of class 'Lcom/magtek/mobile/android/scra/BaseObject;' failed
W/dalvikvm( 7422): Unable to resolve superclass of Lcom/magtek/mobile/android/scra/RequestPayload; (109)
W/dalvikvm( 7422): Link of class 'Lcom/magtek/mobile/android/scra/RequestPayload;' failed
D/dalvikvm( 7422): DexOpt: unable to opt direct call 0x022a at 0x2c in Lcom/magtek/mobile/android/scra/MagTekSCRA;.getConfigurationResponse
I/dalvikvm( 7422): Failed resolving Lcom/magtek/mobile/android/scra/BaseObject; interface 558 'Lorg/ksoap2/serialization/KvmSerializable;'
W/dalvikvm( 7422): Link of class 'Lcom/magtek/mobile/android/scra/BaseObject;' failed
W/dalvikvm( 7422): Unable to resolve superclass of Lcom/magtek/mobile/android/scra/ProcessMessageRequest; (109)
W/dalvikvm( 7422): Link of class 'Lcom/magtek/mobile/android/scra/ProcessMessageRequest;' failed
I/dalvikvm( 7422): DexOpt: unable to optimize instance field ref 0x0092 at 0x2f in Lcom/magtek/mobile/android/scra/MagTekSCRA;.getConfigurationResponse
I/dalvikvm( 7422): Failed resolving Lcom/magtek/mobile/android/scra/BaseObject; interface 558 'Lorg/ksoap2/serialization/KvmSerializable;'
W/dalvikvm( 7422): Link of class 'Lcom/magtek/mobile/android/scra/BaseObject;' failed
W/dalvikvm( 7422): Unable to resolve superclass of Lcom/magtek/mobile/android/scra/ProcessMessageRequest; (109)
W/dalvikvm( 7422): Link of class 'Lcom/magtek/mobile/android/scra/ProcessMessageRequest;' failed
I/dalvikvm( 7422): DexOpt: unable to optimize instance field ref 0x0092 at 0x31 in Lcom/magtek/mobile/android/scra/MagTekSCRA;.getConfigurationResponse
I/dalvikvm( 7422): Failed resolving Lcom/magtek/mobile/android/scra/BaseObject; interface 558 'Lorg/ksoap2/serialization/KvmSerializable;'
W/dalvikvm( 7422): Link of class 'Lcom/magtek/mobile/android/scra/BaseObject;' failed
W/dalvikvm( 7422): Unable to resolve superclass of Lcom/magtek/mobile/android/scra/SCRAConfigurationReaderType; (109)
W/dalvikvm( 7422): Link of class 'Lcom/magtek/mobile/android/scra/SCRAConfigurationReaderType;' failed
D/dalvikvm( 7422): DexOpt: unable to opt direct call 0x0243 at 0x35 in Lcom/magtek/mobile/android/scra/MagTekSCRA;.getConfigurationResponse
I/dalvikvm( 7422): Failed resolving Lcom/magtek/mobile/android/scra/BaseObject; interface 558 'Lorg/ksoap2/serialization/KvmSerializable;'
W/dalvikvm( 7422): Link of class 'Lcom/magtek/mobile/android/scra/BaseObject;' failed
W/dalvikvm( 7422): Unable to resolve superclass of Lcom/magtek/mobile/android/scra/RequestPayload; (109)
W/dalvikvm( 7422): Link of class 'Lcom/magtek/mobile/android/scra/RequestPayload;' failed
I/dalvikvm( 7422): DexOpt: unable to optimize instance field ref 0x0098 at 0x38 in Lcom/magtek/mobile/android/scra/MagTekSCRA;.getConfigurationResponse
I/dalvikvm( 7422): Failed resolving Lcom/magtek/mobile/android/scra/BaseObject; interface 558 'Lorg/ksoap2/serialization/KvmSerializable;'
W/dalvikvm( 7422): Link of class 'Lcom/magtek/mobile/android/scra/BaseObject;' failed
W/dalvikvm( 7422): Unable to resolve superclass of Lcom/magtek/mobile/android/scra/ProcessMessageRequest; (109)
W/dalvikvm( 7422): Link of class 'Lcom/magtek/mobile/android/scra/ProcessMessageRequest;' failed
I/dalvikvm( 7422): DexOpt: unable to optimize instance field ref 0x0092 at 0x3a in Lcom/magtek/mobile/android/scra/MagTekSCRA;.getConfigurationResponse
I/dalvikvm( 7422): Failed resolving Lcom/magtek/mobile/android/scra/BaseObject; interface 558 'Lorg/ksoap2/serialization/KvmSerializable;'
W/dalvikvm( 7422): Link of class 'Lcom/magtek/mobile/android/scra/BaseObject;' failed
W/dalvikvm( 7422): Unable to resolve superclass of Lcom/magtek/mobile/android/scra/RequestPayload; (109)
W/dalvikvm( 7422): Link of class 'Lcom/magtek/mobile/android/scra/RequestPayload;' failed
I/dalvikvm( 7422): DexOpt: unable to optimize instance field ref 0x0098 at 0x3c in Lcom/magtek/mobile/android/scra/MagTekSCRA;.getConfigurationResponse
I/dalvikvm( 7422): Failed resolving Lcom/magtek/mobile/android/scra/BaseObject; interface 558 'Lorg/ksoap2/serialization/KvmSerializable;'
W/dalvikvm( 7422): Link of class 'Lcom/magtek/mobile/android/scra/BaseObject;' failed
W/dalvikvm( 7422): Unable to resolve superclass of Lcom/magtek/mobile/android/scra/ProcessMessageRequest; (109)
W/dalvikvm( 7422): Link of class 'Lcom/magtek/mobile/android/scra/ProcessMessageRequest;' failed
I/dalvikvm( 7422): DexOpt: unable to optimize instance field ref 0x0092 at 0x44 in Lcom/magtek/mobile/android/scra/MagTekSCRA;.getConfigurationResponse
I/dalvikvm( 7422): Failed resolving Lcom/magtek/mobile/android/scra/BaseObject; interface 558 'Lorg/ksoap2/serialization/KvmSerializable;'
W/dalvikvm( 7422): Link of class 'Lcom/magtek/mobile/android/scra/BaseObject;' failed
W/dalvikvm( 7422): Unable to resolve superclass of Lcom/magtek/mobile/android/scra/RequestPayload; (109)
W/dalvikvm( 7422): Link of class 'Lcom/magtek/mobile/android/scra/RequestPayload;' failed
I/dalvikvm( 7422): DexOpt: unable to optimize instance field ref 0x0098 at 0x46 in Lcom/magtek/mobile/android/scra/MagTekSCRA;.getConfigurationResponse
I/dalvikvm( 7422): Failed resolving Lcom/magtek/mobile/android/scra/BaseObject; interface 558 'Lorg/ksoap2/serialization/KvmSerializable;'
W/dalvikvm( 7422): Link of class 'Lcom/magtek/mobile/android/scra/BaseObject;' failed
W/dalvikvm( 7422): Unable to resolve superclass of Lcom/magtek/mobile/android/scra/ProcessMessageRequest; (109)
W/dalvikvm( 7422): Link of class 'Lcom/magtek/mobile/android/scra/ProcessMessageRequest;' failed
I/dalvikvm( 7422): DexOpt: unable to optimize instance field ref 0x0092 at 0x4d in Lcom/magtek/mobile/android/scra/MagTekSCRA;.getConfigurationResponse
I/dalvikvm( 7422): Failed resolving Lcom/magtek/mobile/android/scra/BaseObject; interface 558 'Lorg/ksoap2/serialization/KvmSerializable;'
W/dalvikvm( 7422): Link of class 'Lcom/magtek/mobile/android/scra/BaseObject;' failed
W/dalvikvm( 7422): Unable to resolve superclass of Lcom/magtek/mobile/android/scra/RequestPayload; (109)
W/dalvikvm( 7422): Link of class 'Lcom/magtek/mobile/android/scra/RequestPayload;' failed
