I/ActivityManager(  595): Start proc com.google.android.partnersetup for broadcast com.google.android.partnersetup/.RlzPingBroadcastReceiver: pid=2370 uid=10026 gids={50026, 3003}
I/ActivityManager(  595): Delay finish: com.google.android.partnersetup/.RlzPingBroadcastReceiver
I/ActivityManager(  595): Resuming delayed broadcast
I/ActivityManager(  595): Delay finish: com.google.android.partnersetup/.AppInstalledReceiver
I/ActivityManager(  595): Resuming delayed broadcast
I/ActivityManager(  595): Delay finish: com.android.musicfx/.Compatibility$Receiver
I/ActivityManager(  595): Resuming delayed broadcast
I/ActivityManager(  595): Delay finish: com.google.android.gms/.app.receiver.SystemBroadcastReceiver
I/ActivityManager(  595): Resuming delayed broadcast
I/ActivityManager(  595): Delay finish: com.google.android.googlequicksearchbox/com.google.android.search.core.summons.icing.InternalIcingCorporaProvider$CorporaChangedReceiver
I/ActivityManager(  595): Resuming delayed broadcast
I/ActivityManager(  595): Delay finish: com.google.android.apps.plus/.service.PackagesMediaMonitor
I/ActivityManager(  595): Resuming delayed broadcast
I/ActivityManager(  595): Delay finish: com.android.musicfx/.Compatibility$Receiver
I/ActivityManager(  595): Resuming delayed broadcast
I/ActivityManager(  595): Delay finish: com.google.android.gms/.app.receiver.SystemBroadcastReceiver
I/ActivityManager(  595): Resuming delayed broadcast
I/ActivityManager(  595): Delay finish: com.google.android.gms/.init.InitializeGmsReceiver
I/ActivityManager(  595): Resuming delayed broadcast
I/ActivityManager(  595): Killing 2039:com.google.android.setupwizard/u0a51 (adj 15): empty #17
I/ActivityManager(  595): Killing 1651:com.android.chrome/u0a9 (adj 15): empty #17
I/ActivityManager(  595): Waited long enough for: ServiceRecord{42339d00 u0 mobi.infolife.taskmanager/.TaskManagerService}
D/ConnectivityService(  595): Sampling interval elapsed, updating statistics ..
D/ConnectivityService(  595): Done.
D/ConnectivityService(  595): Setting timer for 720seconds
I/PowerManagerService(  595): Waking up from sleep...
I/WindowManager(  595): Lock screen displayed!
W/ActivityManager(  595): No content provider found for permission revoke: file:///data/local/tmp/HelloWorld-debug-unaligned.apk
W/ActivityManager(  595): No content provider found for permission revoke: file:///data/local/tmp/HelloWorld-debug-unaligned.apk
I/PackageManager(  595): Copying native libraries to /data/app-lib/vmdl238081281
I/ActivityManager(  595): Force stopping com.phonegap.helloworld appid=10045 user=-1: uninstall pkg
I/PackageManager(  595): Package com.phonegap.helloworld codePath changed from /data/app/com.phonegap.helloworld-1.apk to /data/app/com.phonegap.helloworld-2.apk; Retaining data and using new
W/PackageManager(  595): Code path for pkg : com.phonegap.helloworld changing from /data/app/com.phonegap.helloworld-1.apk to /data/app/com.phonegap.helloworld-2.apk
W/PackageManager(  595): Resource path for pkg : com.phonegap.helloworld changing from /data/app/com.phonegap.helloworld-1.apk to /data/app/com.phonegap.helloworld-2.apk
I/ActivityManager(  595): Force stopping com.phonegap.helloworld appid=10045 user=-1: update pkg
I/ActivityManager(  595): Force stopping com.phonegap.helloworld appid=10045 user=0: pkg removed
W/ContextImpl( 2299): Calling a method in the system process without a qualified user: android.app.ContextImpl.startService:1479 android.content.ContextWrapper.startService:494 android.content.ContextWrapper.startService:494 com.android.keychain.KeyChainBroadcastReceiver.onReceive:12 android.app.ActivityThread.handleReceiver:2419 
D/BackupManagerService(  595): Received broadcast Intent { act=android.intent.action.PACKAGE_REMOVED dat=package:com.phonegap.helloworld flg=0x4000010 (has extras) }
D/BackupManagerService(  595): Received broadcast Intent { act=android.intent.action.PACKAGE_ADDED dat=package:com.phonegap.helloworld flg=0x4000010 (has extras) }
V/BackupManagerService(  595): removePackageParticipantsLocked: uid=10045 #1
V/BackupManagerService(  595): addPackageParticipantsLocked: #1
I/ActivityManager(  595): Delay finish: com.google.android.googlequicksearchbox/.GelStubAppWatcher
I/ActivityManager(  595): Resuming delayed broadcast
I/ActivityManager(  595): START u0 {act=android.intent.action.MAIN flg=0x10000000 cmp=com.phonegap.helloworld/.HelloWorld} from pid 2530
I/ActivityManager(  595): Start proc com.phonegap.helloworld for activity com.phonegap.helloworld/.HelloWorld: pid=2541 uid=10045 gids={50045, 3003}
D/ConnectivityService(  595): Captive portal check NetworkInfo: type: WIFI[], state: CONNECTING/CAPTIVE_PORTAL_CHECK, reason: (unspecified), extra: "UCLA_WEB", roaming: false, failover: false, isAvailable: true, isConnectedToProvisioningNetwork: false
D/ConnectivityService(  595): handleCaptivePortalTrackerCheck: call captivePortalCheckComplete ni=NetworkInfo: type: WIFI[], state: CONNECTING/CAPTIVE_PORTAL_CHECK, reason: (unspecified), extra: "UCLA_WEB", roaming: false, failover: false, isAvailable: true, isConnectedToProvisioningNetwork: false
D/ConnectivityService(  595): ConnectivityChange for WIFI: CONNECTED/CONNECTED
E/ConnectivityService(  595): Unexpected mtu value: android.net.wifi.WifiStateTracker@421e43a0
D/ConnectivityService(  595): handleConnectivityChange: address are the same reset per doReset linkProperty[1]: resetMask=0
D/Nat464Xlat(  595): requiresClat: netType=1, hasIPv4Address=true
D/ConnectivityService(  595): NetTransition Wakelock for ConnectedState released by timeout
I/ActivityManager(  595): Start proc com.google.android.setupwizard for broadcast com.google.android.setupwizard/.MobileConnectivityChangeReceiver: pid=2727 uid=10051 gids={50051, 3003}
I/ActivityManager(  595): Killing 1344:com.google.android.talk/u0a30 (adj 15): empty #17
I/ActivityManager(  595): Start proc com.android.chrome for broadcast com.android.chrome/com.google.android.apps.chrome.precache.PrecacheServiceLauncher: pid=2760 uid=10009 gids={50009, 3003, 1028, 1015}
I/ActivityManager(  595): Killing 1268:com.google.android.calendar/u0a6 (adj 15): empty #17
D/ConnectivityService(  595): handleInetConditionHoldEnd: net=1, condition=100, published condition=0
I/ActivityManager(  595): Config changes=480 {1.0 310mcc?mnc en_US ldltr sw600dp w960dp h527dp 320dpi lrg land finger -keyb/v/h -nav/h s.7}
I/WindowManager(  595): Screen frozen for +207ms due to Window{422cad88 u0 NavigationBar}
W/ActivityManager(  595): No content provider found for permission revoke: file:///data/local/tmp/HelloWorld-debug-unaligned.apk
W/ActivityManager(  595): No content provider found for permission revoke: file:///data/local/tmp/HelloWorld-debug-unaligned.apk
I/PackageManager(  595): Copying native libraries to /data/app-lib/vmdl-353981920
I/ActivityManager(  595): Force stopping com.phonegap.helloworld appid=10045 user=-1: uninstall pkg
I/ActivityManager(  595): Killing 2541:com.phonegap.helloworld/u0a45 (adj 0): stop com.phonegap.helloworld
W/ActivityManager(  595): Force removing ActivityRecord{4232f428 u0 com.phonegap.helloworld/.HelloWorld t2}: app died, no saved state
I/WindowState(  595): WIN DEATH: Window{4245c5f8 u0 com.phonegap.helloworld/com.phonegap.helloworld.HelloWorld}
I/PackageManager(  595): Package com.phonegap.helloworld codePath changed from /data/app/com.phonegap.helloworld-2.apk to /data/app/com.phonegap.helloworld-1.apk; Retaining data and using new
W/InputMethodManagerService(  595): Got RemoteException sending setActive(false) notification to pid 2541 uid 10045
W/PackageManager(  595): Code path for pkg : com.phonegap.helloworld changing from /data/app/com.phonegap.helloworld-2.apk to /data/app/com.phonegap.helloworld-1.apk
I/ActivityManager(  595): Force stopping com.phonegap.helloworld appid=10045 user=-1: update pkg
W/PackageManager(  595): Resource path for pkg : com.phonegap.helloworld changing from /data/app/com.phonegap.helloworld-2.apk to /data/app/com.phonegap.helloworld-1.apk
I/ActivityManager(  595): Force stopping com.phonegap.helloworld appid=10045 user=0: pkg removed
W/ContextImpl( 2299): Calling a method in the system process without a qualified user: android.app.ContextImpl.startService:1479 android.content.ContextWrapper.startService:494 android.content.ContextWrapper.startService:494 com.android.keychain.KeyChainBroadcastReceiver.onReceive:12 android.app.ActivityThread.handleReceiver:2419 
D/BackupManagerService(  595): Received broadcast Intent { act=android.intent.action.PACKAGE_REMOVED dat=package:com.phonegap.helloworld flg=0x4000010 (has extras) }
D/BackupManagerService(  595): Received broadcast Intent { act=android.intent.action.PACKAGE_ADDED dat=package:com.phonegap.helloworld flg=0x4000010 (has extras) }
V/BackupManagerService(  595): removePackageParticipantsLocked: uid=10045 #1
V/BackupManagerService(  595): addPackageParticipantsLocked: #1
I/ActivityManager(  595): Delay finish: com.google.android.partnersetup/.AppInstalledReceiver
I/ActivityManager(  595): Resuming delayed broadcast
I/ActivityManager(  595): Delay finish: com.android.musicfx/.Compatibility$Receiver
I/ActivityManager(  595): Resuming delayed broadcast
I/ActivityManager(  595): Delay finish: com.android.vending/com.google.android.finsky.receivers.PackageMonitorReceiver$RegisteredReceiver
I/ActivityManager(  595): Resuming delayed broadcast
I/ActivityManager(  595): Delay finish: com.google.android.apps.magazines/com.google.apps.dots.android.app.receiver.FirstInstallNotificationReceiver
I/ActivityManager(  595): Resuming delayed broadcast
I/ActivityManager(  595): START u0 {act=android.intent.action.MAIN flg=0x10000000 cmp=com.phonegap.helloworld/.HelloWorld} from pid 2878
I/ActivityManager(  595): Start proc com.phonegap.helloworld for activity com.phonegap.helloworld/.HelloWorld: pid=2889 uid=10045 gids={50045, 3003}
V/DeadZone(  652): consuming errant click: (94.28571,20.107178)
I/WindowManager(  595): Screen frozen for +82ms due to Window{423acde8 u0 com.android.systemui.ImageWallpaper}
I/ActivityManager(  595): Config changes=480 {1.0 310mcc?mnc en_US ldltr sw600dp w600dp h887dp 320dpi lrg port finger -keyb/v/h -nav/h s.8}
I/WindowManager(  595): Screen frozen for +544ms due to Window{42497898 u0 InputMethod}
W/InputMethodManagerService(  595): Window already focused, ignoring focus gain of: com.android.internal.view.IInputMethodClient$Stub$Proxy@42277bb8 attribute=null, token = android.os.BinderProxy@423e3918
D/ConnectivityService(  595): Captive portal check NetworkInfo: type: WIFI[], state: CONNECTING/CAPTIVE_PORTAL_CHECK, reason: (unspecified), extra: "UCLA_WEB", roaming: false, failover: false, isAvailable: true, isConnectedToProvisioningNetwork: false
D/ConnectivityService(  595): handleCaptivePortalTrackerCheck: call captivePortalCheckComplete ni=NetworkInfo: type: WIFI[], state: CONNECTING/CAPTIVE_PORTAL_CHECK, reason: (unspecified), extra: "UCLA_WEB", roaming: false, failover: false, isAvailable: true, isConnectedToProvisioningNetwork: false
D/ConnectivityService(  595): ConnectivityChange for WIFI: CONNECTED/CONNECTED
E/ConnectivityService(  595): Unexpected mtu value: android.net.wifi.WifiStateTracker@421e43a0
D/ConnectivityService(  595): handleConnectivityChange: address are the same reset per doReset linkProperty[1]: resetMask=0
D/Nat464Xlat(  595): requiresClat: netType=1, hasIPv4Address=true
D/ConnectivityService(  595): NetTransition Wakelock for ConnectedState released by timeout
D/ConnectivityService(  595): handleInetConditionHoldEnd: net=1, condition=100, published condition=0
W/ActivityManager(  595): No content provider found for permission revoke: file:///data/local/tmp/HelloWorld.apk
W/ActivityManager(  595): No content provider found for permission revoke: file:///data/local/tmp/HelloWorld.apk
I/PackageManager(  595): Copying native libraries to /data/app-lib/vmdl959084417
I/ActivityManager(  595): Force stopping com.phonegap.helloworld appid=10045 user=-1: uninstall pkg
I/ActivityManager(  595): Killing 2889:com.phonegap.helloworld/u0a45 (adj 0): stop com.phonegap.helloworld
W/ActivityManager(  595): Force removing ActivityRecord{421d3b10 u0 com.phonegap.helloworld/.HelloWorld t3}: app died, no saved state
I/WindowState(  595): WIN DEATH: Window{4236f918 u0 com.phonegap.helloworld/com.phonegap.helloworld.HelloWorld}
I/PackageManager(  595): Package com.phonegap.helloworld codePath changed from /data/app/com.phonegap.helloworld-1.apk to /data/app/com.phonegap.helloworld-2.apk; Retaining data and using new
W/InputMethodManagerService(  595): Got RemoteException sending setActive(false) notification to pid 2889 uid 10045
W/PackageManager(  595): Code path for pkg : com.phonegap.helloworld changing from /data/app/com.phonegap.helloworld-1.apk to /data/app/com.phonegap.helloworld-2.apk
I/ActivityManager(  595): Force stopping com.phonegap.helloworld appid=10045 user=-1: update pkg
W/PackageManager(  595): Resource path for pkg : com.phonegap.helloworld changing from /data/app/com.phonegap.helloworld-1.apk to /data/app/com.phonegap.helloworld-2.apk
I/ActivityManager(  595): Force stopping com.phonegap.helloworld appid=10045 user=0: pkg removed
W/ContextImpl( 2299): Calling a method in the system process without a qualified user: android.app.ContextImpl.startService:1479 android.content.ContextWrapper.startService:494 android.content.ContextWrapper.startService:494 com.android.keychain.KeyChainBroadcastReceiver.onReceive:12 android.app.ActivityThread.handleReceiver:2419 
D/BackupManagerService(  595): Received broadcast Intent { act=android.intent.action.PACKAGE_REMOVED dat=package:com.phonegap.helloworld flg=0x4000010 (has extras) }
D/BackupManagerService(  595): Received broadcast Intent { act=android.intent.action.PACKAGE_ADDED dat=package:com.phonegap.helloworld flg=0x4000010 (has extras) }
V/BackupManagerService(  595): removePackageParticipantsLocked: uid=10045 #1
V/BackupManagerService(  595): addPackageParticipantsLocked: #1
I/ActivityManager(  595): Delay finish: com.google.android.partnersetup/.RlzPingBroadcastReceiver
I/ActivityManager(  595): Resuming delayed broadcast
I/ActivityManager(  595): Delay finish: com.google.android.googlequicksearchbox/com.google.android.search.core.summons.icing.InternalIcingCorporaProvider$CorporaChangedReceiver
I/ActivityManager(  595): Resuming delayed broadcast
I/ActivityManager(  595): START u0 {act=android.intent.action.MAIN cat=[android.intent.category.LAUNCHER] flg=0x10000000 cmp=com.phonegap.helloworld/.HelloWorld} from pid 3283
I/ActivityManager(  595): Start proc com.phonegap.helloworld for activity com.phonegap.helloworld/.HelloWorld: pid=3294 uid=10045 gids={50045, 3003}
W/ActivityManager(  595): No content provider found for permission revoke: file:///data/local/tmp/HelloWorld.apk
W/ActivityManager(  595): No content provider found for permission revoke: file:///data/local/tmp/HelloWorld.apk
I/PackageManager(  595): Copying native libraries to /data/app-lib/vmdl-933883910
I/ActivityManager(  595): Force stopping com.phonegap.helloworld appid=10045 user=-1: uninstall pkg
I/ActivityManager(  595): Killing 3294:com.phonegap.helloworld/u0a45 (adj 0): stop com.phonegap.helloworld
W/ActivityManager(  595): Force removing ActivityRecord{421d3b10 u0 com.phonegap.helloworld/.HelloWorld t4}: app died, no saved state
I/WindowState(  595): WIN DEATH: Window{4235e660 u0 com.phonegap.helloworld/com.phonegap.helloworld.HelloWorld}
I/PackageManager(  595): Package com.phonegap.helloworld codePath changed from /data/app/com.phonegap.helloworld-2.apk to /data/app/com.phonegap.helloworld-1.apk; Retaining data and using new
W/InputMethodManagerService(  595): Got RemoteException sending setActive(false) notification to pid 3294 uid 10045
W/PackageManager(  595): Code path for pkg : com.phonegap.helloworld changing from /data/app/com.phonegap.helloworld-2.apk to /data/app/com.phonegap.helloworld-1.apk
I/ActivityManager(  595): Force stopping com.phonegap.helloworld appid=10045 user=-1: update pkg
W/PackageManager(  595): Resource path for pkg : com.phonegap.helloworld changing from /data/app/com.phonegap.helloworld-2.apk to /data/app/com.phonegap.helloworld-1.apk
I/ActivityManager(  595): Force stopping com.phonegap.helloworld appid=10045 user=0: pkg removed
D/BackupManagerService(  595): Received broadcast Intent { act=android.intent.action.PACKAGE_REMOVED dat=package:com.phonegap.helloworld flg=0x4000010 (has extras) }
W/ContextImpl( 2299): Calling a method in the system process without a qualified user: android.app.ContextImpl.startService:1479 android.content.ContextWrapper.startService:494 android.content.ContextWrapper.startService:494 com.android.keychain.KeyChainBroadcastReceiver.onReceive:12 android.app.ActivityThread.handleReceiver:2419 
D/BackupManagerService(  595): Received broadcast Intent { act=android.intent.action.PACKAGE_ADDED dat=package:com.phonegap.helloworld flg=0x4000010 (has extras) }
V/BackupManagerService(  595): removePackageParticipantsLocked: uid=10045 #1
V/BackupManagerService(  595): addPackageParticipantsLocked: #1
I/ActivityManager(  595): Delay finish: com.google.android.googlequicksearchbox/com.google.android.search.core.summons.icing.InternalIcingCorporaProvider$CorporaChangedReceiver
I/ActivityManager(  595): Resuming delayed broadcast
D/ConnectivityService(  595): Sampling interval elapsed, updating statistics ..
D/ConnectivityService(  595): Done.
D/ConnectivityService(  595): Setting timer for 720seconds
I/ActivityManager(  595): Force stopping com.phonegap.helloworld appid=10045 user=-1: set debug app
I/ActivityManager(  595): START u0 {act=android.intent.action.MAIN cat=[android.intent.category.LAUNCHER] flg=0x10000000 cmp=com.phonegap.helloworld/.HelloWorld} from pid 3538
I/ActivityManager(  595): Start proc com.phonegap.helloworld for activity com.phonegap.helloworld/.HelloWorld: pid=3553 uid=10045 gids={50045, 3003}
W/ActivityThread( 3553): Application com.phonegap.helloworld is waiting for the debugger on port 8100...
D/ConnectivityService(  595): Captive portal check NetworkInfo: type: WIFI[], state: CONNECTING/CAPTIVE_PORTAL_CHECK, reason: (unspecified), extra: "UCLA_WEB", roaming: false, failover: false, isAvailable: true, isConnectedToProvisioningNetwork: false
D/ConnectivityService(  595): handleCaptivePortalTrackerCheck: call captivePortalCheckComplete ni=NetworkInfo: type: WIFI[], state: CONNECTING/CAPTIVE_PORTAL_CHECK, reason: (unspecified), extra: "UCLA_WEB", roaming: false, failover: false, isAvailable: true, isConnectedToProvisioningNetwork: false
D/ConnectivityService(  595): ConnectivityChange for WIFI: CONNECTED/CONNECTED
E/ConnectivityService(  595): Unexpected mtu value: android.net.wifi.WifiStateTracker@421e43a0
D/ConnectivityService(  595): handleConnectivityChange: address are the same reset per doReset linkProperty[1]: resetMask=0
D/Nat464Xlat(  595): requiresClat: netType=1, hasIPv4Address=true
D/ConnectivityService(  595): NetTransition Wakelock for ConnectedState released by timeout
D/ConnectivityService(  595): handleInetConditionHoldEnd: net=1, condition=100, published condition=0
D/ConnectivityService(  595): handleInetConditionHoldEnd: net=1, condition=100, published condition=100
I/ActivityManager(  595): START u0 {act=android.intent.action.MAIN cat=[android.intent.category.LAUNCHER] flg=0x10000000 cmp=com.phonegap.helloworld/.HelloWorld} from pid 3802
W/ActivityManager(  595): No content provider found for permission revoke: file:///data/local/tmp/HelloWorld-debug-unaligned.apk
W/ActivityManager(  595): No content provider found for permission revoke: file:///data/local/tmp/HelloWorld-debug-unaligned.apk
I/PackageManager(  595): Copying native libraries to /data/app-lib/vmdl-705772389
I/ActivityManager(  595): Force stopping com.phonegap.helloworld appid=10045 user=-1: uninstall pkg
I/ActivityManager(  595): Killing 3553:com.phonegap.helloworld/u0a45 (adj 0): stop com.phonegap.helloworld
W/ActivityManager(  595): Force removing ActivityRecord{42276f08 u0 com.phonegap.helloworld/.HelloWorld t5}: app died, no saved state
I/WindowState(  595): WIN DEATH: Window{423161f0 u0 com.phonegap.helloworld/com.phonegap.helloworld.HelloWorld}
I/PackageManager(  595): Package com.phonegap.helloworld codePath changed from /data/app/com.phonegap.helloworld-1.apk to /data/app/com.phonegap.helloworld-2.apk; Retaining data and using new
W/InputMethodManagerService(  595): Got RemoteException sending setActive(false) notification to pid 3553 uid 10045
I/ActivityManager(  595): Force stopping com.phonegap.helloworld appid=10045 user=-1: update pkg
W/PackageManager(  595): Code path for pkg : com.phonegap.helloworld changing from /data/app/com.phonegap.helloworld-1.apk to /data/app/com.phonegap.helloworld-2.apk
W/PackageManager(  595): Resource path for pkg : com.phonegap.helloworld changing from /data/app/com.phonegap.helloworld-1.apk to /data/app/com.phonegap.helloworld-2.apk
I/ActivityManager(  595): Force stopping com.phonegap.helloworld appid=10045 user=0: pkg removed
W/ContextImpl( 2299): Calling a method in the system process without a qualified user: android.app.ContextImpl.startService:1479 android.content.ContextWrapper.startService:494 android.content.ContextWrapper.startService:494 com.android.keychain.KeyChainBroadcastReceiver.onReceive:12 android.app.ActivityThread.handleReceiver:2419 
D/BackupManagerService(  595): Received broadcast Intent { act=android.intent.action.PACKAGE_REMOVED dat=package:com.phonegap.helloworld flg=0x4000010 (has extras) }
D/BackupManagerService(  595): Received broadcast Intent { act=android.intent.action.PACKAGE_ADDED dat=package:com.phonegap.helloworld flg=0x4000010 (has extras) }
V/BackupManagerService(  595): removePackageParticipantsLocked: uid=10045 #1
V/BackupManagerService(  595): addPackageParticipantsLocked: #1
I/ActivityManager(  595): Delay finish: com.google.android.googlequicksearchbox/.GelStubAppWatcher
I/ActivityManager(  595): Resuming delayed broadcast
I/ActivityManager(  595): START u0 {act=android.intent.action.MAIN flg=0x10000000 cmp=com.phonegap.helloworld/.HelloWorld} from pid 3894
I/ActivityManager(  595): Start proc com.phonegap.helloworld for activity com.phonegap.helloworld/.HelloWorld: pid=3905 uid=10045 gids={50045, 3003}
D/ConnectivityService(  595): Captive portal check NetworkInfo: type: WIFI[], state: CONNECTING/CAPTIVE_PORTAL_CHECK, reason: (unspecified), extra: "UCLA_WEB", roaming: false, failover: false, isAvailable: true, isConnectedToProvisioningNetwork: false
D/ConnectivityService(  595): handleCaptivePortalTrackerCheck: call captivePortalCheckComplete ni=NetworkInfo: type: WIFI[], state: CONNECTING/CAPTIVE_PORTAL_CHECK, reason: (unspecified), extra: "UCLA_WEB", roaming: false, failover: false, isAvailable: true, isConnectedToProvisioningNetwork: false
D/ConnectivityService(  595): ConnectivityChange for WIFI: CONNECTED/CONNECTED
E/ConnectivityService(  595): Unexpected mtu value: android.net.wifi.WifiStateTracker@421e43a0
D/ConnectivityService(  595): handleConnectivityChange: address are the same reset per doReset linkProperty[1]: resetMask=0
D/Nat464Xlat(  595): requiresClat: netType=1, hasIPv4Address=true
D/ConnectivityService(  595): NetTransition Wakelock for ConnectedState released by timeout
D/ConnectivityService(  595): handleInetConditionHoldEnd: net=1, condition=100, published condition=0
D/ConnectivityService(  595): Captive portal check NetworkInfo: type: WIFI[], state: CONNECTING/CAPTIVE_PORTAL_CHECK, reason: (unspecified), extra: "UCLA_WEB", roaming: false, failover: false, isAvailable: true, isConnectedToProvisioningNetwork: false
D/ConnectivityService(  595): handleCaptivePortalTrackerCheck: call captivePortalCheckComplete ni=NetworkInfo: type: WIFI[], state: CONNECTING/CAPTIVE_PORTAL_CHECK, reason: (unspecified), extra: "UCLA_WEB", roaming: false, failover: false, isAvailable: true, isConnectedToProvisioningNetwork: false
D/ConnectivityService(  595): ConnectivityChange for WIFI: CONNECTED/CONNECTED
E/ConnectivityService(  595): Unexpected mtu value: android.net.wifi.WifiStateTracker@421e43a0
D/ConnectivityService(  595): handleConnectivityChange: address are the same reset per doReset linkProperty[1]: resetMask=0
D/Nat464Xlat(  595): requiresClat: netType=1, hasIPv4Address=true
D/ConnectivityService(  595): NetTransition Wakelock for ConnectedState released by timeout
D/ConnectivityService(  595): handleInetConditionHoldEnd: net=1, condition=100, published condition=0
D/ConnectivityService(  595): Sampling interval elapsed, updating statistics ..
D/ConnectivityService(  595): Done.
D/ConnectivityService(  595): Setting timer for 720seconds
V/DeadZone(  652): consuming errant click: (27.678572,10.285767)
W/ActivityManager(  595): No content provider found for permission revoke: file:///data/local/tmp/HelloWorld-debug-unaligned.apk
W/ActivityManager(  595): No content provider found for permission revoke: file:///data/local/tmp/HelloWorld-debug-unaligned.apk
I/PackageManager(  595): Copying native libraries to /data/app-lib/vmdl-1339201444
I/ActivityManager(  595): Force stopping com.phonegap.helloworld appid=10045 user=-1: uninstall pkg
I/ActivityManager(  595): Killing 3905:com.phonegap.helloworld/u0a45 (adj 0): stop com.phonegap.helloworld
W/ActivityManager(  595): Force removing ActivityRecord{4224acd0 u0 com.phonegap.helloworld/.HelloWorld t6}: app died, no saved state
I/WindowState(  595): WIN DEATH: Window{423892b8 u0 com.phonegap.helloworld/com.phonegap.helloworld.HelloWorld}
I/PackageManager(  595): Package com.phonegap.helloworld codePath changed from /data/app/com.phonegap.helloworld-2.apk to /data/app/com.phonegap.helloworld-1.apk; Retaining data and using new
W/InputMethodManagerService(  595): Got RemoteException sending setActive(false) notification to pid 3905 uid 10045
W/PackageManager(  595): Code path for pkg : com.phonegap.helloworld changing from /data/app/com.phonegap.helloworld-2.apk to /data/app/com.phonegap.helloworld-1.apk
I/ActivityManager(  595): Force stopping com.phonegap.helloworld appid=10045 user=-1: update pkg
W/PackageManager(  595): Resource path for pkg : com.phonegap.helloworld changing from /data/app/com.phonegap.helloworld-2.apk to /data/app/com.phonegap.helloworld-1.apk
I/ActivityManager(  595): Force stopping com.phonegap.helloworld appid=10045 user=0: pkg removed
W/ContextImpl( 2299): Calling a method in the system process without a qualified user: android.app.ContextImpl.startService:1479 android.content.ContextWrapper.startService:494 android.content.ContextWrapper.startService:494 com.android.keychain.KeyChainBroadcastReceiver.onReceive:12 android.app.ActivityThread.handleReceiver:2419 
I/ActivityManager(  595): Delay finish: com.google.android.gms/.app.receiver.SystemBroadcastReceiver
I/ActivityManager(  595): Resuming delayed broadcast
D/BackupManagerService(  595): Received broadcast Intent { act=android.intent.action.PACKAGE_REMOVED dat=package:com.phonegap.helloworld flg=0x4000010 (has extras) }
D/BackupManagerService(  595): Received broadcast Intent { act=android.intent.action.PACKAGE_ADDED dat=package:com.phonegap.helloworld flg=0x4000010 (has extras) }
V/BackupManagerService(  595): removePackageParticipantsLocked: uid=10045 #1
V/BackupManagerService(  595): addPackageParticipantsLocked: #1
I/ActivityManager(  595): Delay finish: com.google.android.googlequicksearchbox/com.google.android.search.core.summons.icing.InternalIcingCorporaProvider$CorporaChangedReceiver
I/ActivityManager(  595): Resuming delayed broadcast
I/ActivityManager(  595): Delay finish: com.google.android.apps.magazines/com.google.apps.dots.android.app.receiver.FirstInstallNotificationReceiver
I/ActivityManager(  595): Resuming delayed broadcast
I/ActivityManager(  595): START u0 {act=android.intent.action.MAIN flg=0x10000000 cmp=com.phonegap.helloworld/.HelloWorld} from pid 4350
I/ActivityManager(  595): Start proc com.phonegap.helloworld for activity com.phonegap.helloworld/.HelloWorld: pid=4361 uid=10045 gids={50045, 3003}
D/ConnectivityService(  595): Captive portal check NetworkInfo: type: WIFI[], state: CONNECTING/CAPTIVE_PORTAL_CHECK, reason: (unspecified), extra: "UCLA_WEB", roaming: false, failover: false, isAvailable: true, isConnectedToProvisioningNetwork: false
D/ConnectivityService(  595): handleCaptivePortalTrackerCheck: call captivePortalCheckComplete ni=NetworkInfo: type: WIFI[], state: CONNECTING/CAPTIVE_PORTAL_CHECK, reason: (unspecified), extra: "UCLA_WEB", roaming: false, failover: false, isAvailable: true, isConnectedToProvisioningNetwork: false
D/ConnectivityService(  595): ConnectivityChange for WIFI: CONNECTED/CONNECTED
E/ConnectivityService(  595): Unexpected mtu value: android.net.wifi.WifiStateTracker@421e43a0
D/ConnectivityService(  595): handleConnectivityChange: address are the same reset per doReset linkProperty[1]: resetMask=0
D/Nat464Xlat(  595): requiresClat: netType=1, hasIPv4Address=true
D/ConnectivityService(  595): NetTransition Wakelock for ConnectedState released by timeout
D/ConnectivityService(  595): handleInetConditionHoldEnd: net=1, condition=100, published condition=0
W/ProcessCpuTracker(  595): Skipping unknown process pid 4614
W/ProcessCpuTracker(  595): Skipping unknown process pid 4616
W/ProcessCpuTracker(  595): Skipping unknown process pid 4617
I/ProcessStatsService(  595): Prepared write state in 8ms
I/ProcessStatsService(  595): Pruning old procstats: /data/system/procstats/state-2014-06-24-19-24-36.bin
I/ActivityManager(  595): Killing 1777:com.google.android.music:main/u0a41 (adj 15): empty for 1803s
I/ActivityManager(  595): Killing 1132:com.android.providers.calendar/u0a7 (adj 15): empty for 1803s
I/ActivityManager(  595): Killing 1556:com.google.android.gm/u0a20 (adj 15): empty for 1803s
D/ConnectivityService(  595): handleInetConditionHoldEnd: net=1, condition=100, published condition=100
D/ConnectivityService(  595): Captive portal check NetworkInfo: type: WIFI[], state: CONNECTING/CAPTIVE_PORTAL_CHECK, reason: (unspecified), extra: "UCLA_WEB", roaming: false, failover: false, isAvailable: true, isConnectedToProvisioningNetwork: false
D/ConnectivityService(  595): handleCaptivePortalTrackerCheck: call captivePortalCheckComplete ni=NetworkInfo: type: WIFI[], state: CONNECTING/CAPTIVE_PORTAL_CHECK, reason: (unspecified), extra: "UCLA_WEB", roaming: false, failover: false, isAvailable: true, isConnectedToProvisioningNetwork: false
D/ConnectivityService(  595): ConnectivityChange for WIFI: CONNECTED/CONNECTED
E/ConnectivityService(  595): Unexpected mtu value: android.net.wifi.WifiStateTracker@421e43a0
D/ConnectivityService(  595): handleConnectivityChange: address are the same reset per doReset linkProperty[1]: resetMask=0
D/Nat464Xlat(  595): requiresClat: netType=1, hasIPv4Address=true
D/ConnectivityService(  595): NetTransition Wakelock for ConnectedState released by timeout
D/ConnectivityService(  595): handleInetConditionHoldEnd: net=1, condition=100, published condition=0
W/ActivityManager(  595): No content provider found for permission revoke: file:///data/local/tmp/HelloWorld-debug-unaligned.apk
W/ActivityManager(  595): No content provider found for permission revoke: file:///data/local/tmp/HelloWorld-debug-unaligned.apk
I/PackageManager(  595): Copying native libraries to /data/app-lib/vmdl-518920226
I/ActivityManager(  595): Force stopping com.phonegap.helloworld appid=10045 user=-1: uninstall pkg
I/ActivityManager(  595): Killing 4361:com.phonegap.helloworld/u0a45 (adj 0): stop com.phonegap.helloworld
I/WindowState(  595): WIN DEATH: Window{423075b8 u0 com.phonegap.helloworld/com.phonegap.helloworld.HelloWorld}
W/ActivityManager(  595): Force removing ActivityRecord{4228cd18 u0 com.phonegap.helloworld/.HelloWorld t7}: app died, no saved state
I/PackageManager(  595): Package com.phonegap.helloworld codePath changed from /data/app/com.phonegap.helloworld-1.apk to /data/app/com.phonegap.helloworld-2.apk; Retaining data and using new
W/InputMethodManagerService(  595): Got RemoteException sending setActive(false) notification to pid 4361 uid 10045
W/PackageManager(  595): Code path for pkg : com.phonegap.helloworld changing from /data/app/com.phonegap.helloworld-1.apk to /data/app/com.phonegap.helloworld-2.apk
I/ActivityManager(  595): Force stopping com.phonegap.helloworld appid=10045 user=-1: update pkg
W/PackageManager(  595): Resource path for pkg : com.phonegap.helloworld changing from /data/app/com.phonegap.helloworld-1.apk to /data/app/com.phonegap.helloworld-2.apk
I/ActivityManager(  595): Force stopping com.phonegap.helloworld appid=10045 user=0: pkg removed
W/ContextImpl( 2299): Calling a method in the system process without a qualified user: android.app.ContextImpl.startService:1479 android.content.ContextWrapper.startService:494 android.content.ContextWrapper.startService:494 com.android.keychain.KeyChainBroadcastReceiver.onReceive:12 android.app.ActivityThread.handleReceiver:2419 
I/ActivityManager(  595): Delay finish: com.google.android.googlequicksearchbox/com.google.android.search.core.summons.icing.InternalIcingCorporaProvider$CorporaChangedReceiver
I/ActivityManager(  595): Resuming delayed broadcast
D/BackupManagerService(  595): Received broadcast Intent { act=android.intent.action.PACKAGE_REMOVED dat=package:com.phonegap.helloworld flg=0x4000010 (has extras) }
I/ActivityManager(  595): Delay finish: com.google.android.googlequicksearchbox/com.google.android.search.core.summons.icing.InternalIcingCorporaProvider$CorporaChangedReceiver
D/BackupManagerService(  595): Received broadcast Intent { act=android.intent.action.PACKAGE_ADDED dat=package:com.phonegap.helloworld flg=0x4000010 (has extras) }
V/BackupManagerService(  595): removePackageParticipantsLocked: uid=10045 #1
V/BackupManagerService(  595): addPackageParticipantsLocked: #1
I/ActivityManager(  595): Resuming delayed broadcast
I/ActivityManager(  595): Delay finish: com.google.android.googlequicksearchbox/.GelStubAppWatcher
I/ActivityManager(  595): Resuming delayed broadcast
I/ActivityManager(  595): Delay finish: com.google.android.apps.magazines/com.google.apps.dots.android.app.receiver.FirstInstallNotificationReceiver
I/ActivityManager(  595): Resuming delayed broadcast
I/ActivityManager(  595): START u0 {act=android.intent.action.MAIN flg=0x10000000 cmp=com.phonegap.helloworld/.HelloWorld} from pid 4895
I/ActivityManager(  595): Start proc com.phonegap.helloworld for activity com.phonegap.helloworld/.HelloWorld: pid=4906 uid=10045 gids={50045, 3003}
D/ConnectivityService(  595): Sampling interval elapsed, updating statistics ..
D/ConnectivityService(  595): Done.
D/ConnectivityService(  595): Setting timer for 720seconds
D/ConnectivityService(  595): Captive portal check NetworkInfo: type: WIFI[], state: CONNECTING/CAPTIVE_PORTAL_CHECK, reason: (unspecified), extra: "UCLA_WEB", roaming: false, failover: false, isAvailable: true, isConnectedToProvisioningNetwork: false
D/ConnectivityService(  595): handleCaptivePortalTrackerCheck: call captivePortalCheckComplete ni=NetworkInfo: type: WIFI[], state: CONNECTING/CAPTIVE_PORTAL_CHECK, reason: (unspecified), extra: "UCLA_WEB", roaming: false, failover: false, isAvailable: true, isConnectedToProvisioningNetwork: false
D/ConnectivityService(  595): ConnectivityChange for WIFI: CONNECTED/CONNECTED
E/ConnectivityService(  595): Unexpected mtu value: android.net.wifi.WifiStateTracker@421e43a0
D/ConnectivityService(  595): handleConnectivityChange: address are the same reset per doReset linkProperty[1]: resetMask=0
D/Nat464Xlat(  595): requiresClat: netType=1, hasIPv4Address=true
D/ConnectivityService(  595): NetTransition Wakelock for ConnectedState released by timeout
D/ConnectivityService(  595): handleInetConditionHoldEnd: net=1, condition=100, published condition=0
W/InputMethodManagerService(  595): Window already focused, ignoring focus gain of: com.android.internal.view.IInputMethodClient$Stub$Proxy@420cce20 attribute=null, token = android.os.BinderProxy@4250b360
W/InputMethodManagerService(  595): Window already focused, ignoring focus gain of: com.android.internal.view.IInputMethodClient$Stub$Proxy@422a9228 attribute=null, token = android.os.BinderProxy@4250b360
D/ConnectivityService(  595): Captive portal check NetworkInfo: type: WIFI[], state: CONNECTING/CAPTIVE_PORTAL_CHECK, reason: (unspecified), extra: "UCLA_WEB", roaming: false, failover: false, isAvailable: true, isConnectedToProvisioningNetwork: false
D/ConnectivityService(  595): handleCaptivePortalTrackerCheck: call captivePortalCheckComplete ni=NetworkInfo: type: WIFI[], state: CONNECTING/CAPTIVE_PORTAL_CHECK, reason: (unspecified), extra: "UCLA_WEB", roaming: false, failover: false, isAvailable: true, isConnectedToProvisioningNetwork: false
D/ConnectivityService(  595): ConnectivityChange for WIFI: CONNECTED/CONNECTED
E/ConnectivityService(  595): Unexpected mtu value: android.net.wifi.WifiStateTracker@421e43a0
D/ConnectivityService(  595): handleConnectivityChange: address are the same reset per doReset linkProperty[1]: resetMask=0
D/Nat464Xlat(  595): requiresClat: netType=1, hasIPv4Address=true
D/ConnectivityService(  595): NetTransition Wakelock for ConnectedState released by timeout
D/ConnectivityService(  595): handleInetConditionHoldEnd: net=1, condition=100, published condition=0
D/ConnectivityService(  595): handleInetConditionHoldEnd: net=1, condition=100, published condition=100
D/ConnectivityService(  595): Captive portal check NetworkInfo: type: WIFI[], state: CONNECTING/CAPTIVE_PORTAL_CHECK, reason: (unspecified), extra: "UCLA_WEB", roaming: false, failover: false, isAvailable: true, isConnectedToProvisioningNetwork: false
D/ConnectivityService(  595): handleCaptivePortalTrackerCheck: call captivePortalCheckComplete ni=NetworkInfo: type: WIFI[], state: CONNECTING/CAPTIVE_PORTAL_CHECK, reason: (unspecified), extra: "UCLA_WEB", roaming: false, failover: false, isAvailable: true, isConnectedToProvisioningNetwork: false
D/ConnectivityService(  595): ConnectivityChange for WIFI: CONNECTED/CONNECTED
E/ConnectivityService(  595): Unexpected mtu value: android.net.wifi.WifiStateTracker@421e43a0
D/ConnectivityService(  595): handleConnectivityChange: address are the same reset per doReset linkProperty[1]: resetMask=0
D/Nat464Xlat(  595): requiresClat: netType=1, hasIPv4Address=true
D/ConnectivityService(  595): NetTransition Wakelock for ConnectedState released by timeout
D/ConnectivityService(  595): handleInetConditionHoldEnd: net=1, condition=100, published condition=0
D/ConnectivityService(  595): Sampling interval elapsed, updating statistics ..
D/ConnectivityService(  595): Done.
D/ConnectivityService(  595): Setting timer for 720seconds
W/ActivityManager(  595): No content provider found for permission revoke: file:///data/local/tmp/HelloWorld-debug-unaligned.apk
W/ActivityManager(  595): No content provider found for permission revoke: file:///data/local/tmp/HelloWorld-debug-unaligned.apk
I/PackageManager(  595): Copying native libraries to /data/app-lib/vmdl-1228689465
I/ActivityManager(  595): Force stopping com.phonegap.helloworld appid=10045 user=-1: uninstall pkg
I/ActivityManager(  595): Killing 4906:com.phonegap.helloworld/u0a45 (adj 0): stop com.phonegap.helloworld
W/ActivityManager(  595): Force removing ActivityRecord{4228cd18 u0 com.phonegap.helloworld/.HelloWorld t8}: app died, no saved state
I/WindowState(  595): WIN DEATH: Window{42331690 u0 com.phonegap.helloworld/com.phonegap.helloworld.HelloWorld}
I/PackageManager(  595): Package com.phonegap.helloworld codePath changed from /data/app/com.phonegap.helloworld-2.apk to /data/app/com.phonegap.helloworld-1.apk; Retaining data and using new
W/InputMethodManagerService(  595): Got RemoteException sending setActive(false) notification to pid 4906 uid 10045
W/PackageManager(  595): Code path for pkg : com.phonegap.helloworld changing from /data/app/com.phonegap.helloworld-2.apk to /data/app/com.phonegap.helloworld-1.apk
I/ActivityManager(  595): Force stopping com.phonegap.helloworld appid=10045 user=-1: update pkg
W/PackageManager(  595): Resource path for pkg : com.phonegap.helloworld changing from /data/app/com.phonegap.helloworld-2.apk to /data/app/com.phonegap.helloworld-1.apk
I/ActivityManager(  595): Force stopping com.phonegap.helloworld appid=10045 user=0: pkg removed
W/ContextImpl( 2299): Calling a method in the system process without a qualified user: android.app.ContextImpl.startService:1479 android.content.ContextWrapper.startService:494 android.content.ContextWrapper.startService:494 com.android.keychain.KeyChainBroadcastReceiver.onReceive:12 android.app.ActivityThread.handleReceiver:2419 
I/ActivityManager(  595): Delay finish: com.google.android.gms/.app.receiver.SystemBroadcastReceiver
I/ActivityManager(  595): Resuming delayed broadcast
D/BackupManagerService(  595): Received broadcast Intent { act=android.intent.action.PACKAGE_REMOVED dat=package:com.phonegap.helloworld flg=0x4000010 (has extras) }
D/BackupManagerService(  595): Received broadcast Intent { act=android.intent.action.PACKAGE_ADDED dat=package:com.phonegap.helloworld flg=0x4000010 (has extras) }
V/BackupManagerService(  595): removePackageParticipantsLocked: uid=10045 #1
V/BackupManagerService(  595): addPackageParticipantsLocked: #1
I/ActivityManager(  595): Delay finish: com.google.android.googlequicksearchbox/com.google.android.search.core.summons.icing.InternalIcingCorporaProvider$CorporaChangedReceiver
I/ActivityManager(  595): Resuming delayed broadcast
I/ActivityManager(  595): Delay finish: com.google.android.apps.magazines/com.google.apps.dots.android.app.receiver.FirstInstallNotificationReceiver
I/ActivityManager(  595): Resuming delayed broadcast
I/ActivityManager(  595): START u0 {act=android.intent.action.MAIN flg=0x10000000 cmp=com.phonegap.helloworld/.HelloWorld} from pid 5583
I/ActivityManager(  595): Start proc com.phonegap.helloworld for activity com.phonegap.helloworld/.HelloWorld: pid=5594 uid=10045 gids={50045, 3003}
W/InputMethodManagerService(  595): Window already focused, ignoring focus gain of: com.android.internal.view.IInputMethodClient$Stub$Proxy@4240cdc0 attribute=null, token = android.os.BinderProxy@422595c0
D/ConnectivityService(  595): Captive portal check NetworkInfo: type: WIFI[], state: CONNECTING/CAPTIVE_PORTAL_CHECK, reason: (unspecified), extra: "UCLA_WEB", roaming: false, failover: false, isAvailable: true, isConnectedToProvisioningNetwork: false
D/ConnectivityService(  595): handleCaptivePortalTrackerCheck: call captivePortalCheckComplete ni=NetworkInfo: type: WIFI[], state: CONNECTING/CAPTIVE_PORTAL_CHECK, reason: (unspecified), extra: "UCLA_WEB", roaming: false, failover: false, isAvailable: true, isConnectedToProvisioningNetwork: false
D/ConnectivityService(  595): ConnectivityChange for WIFI: CONNECTED/CONNECTED
E/ConnectivityService(  595): Unexpected mtu value: android.net.wifi.WifiStateTracker@421e43a0
D/ConnectivityService(  595): handleConnectivityChange: address are the same reset per doReset linkProperty[1]: resetMask=0
D/Nat464Xlat(  595): requiresClat: netType=1, hasIPv4Address=true
D/ConnectivityService(  595): NetTransition Wakelock for ConnectedState released by timeout
D/ConnectivityService(  595): handleInetConditionHoldEnd: net=1, condition=100, published condition=0
W/InputMethodManagerService(  595): Window already focused, ignoring focus gain of: com.android.internal.view.IInputMethodClient$Stub$Proxy@421acec8 attribute=null, token = android.os.BinderProxy@422595c0
W/ProcessCpuTracker(  595): Skipping unknown process pid 5851
W/ProcessCpuTracker(  595): Skipping unknown process pid 5853
W/ProcessCpuTracker(  595): Skipping unknown process pid 5854
D/ConnectivityService(  595): Captive portal check NetworkInfo: type: WIFI[], state: CONNECTING/CAPTIVE_PORTAL_CHECK, reason: (unspecified), extra: "UCLA_WEB", roaming: false, failover: false, isAvailable: true, isConnectedToProvisioningNetwork: false
D/ConnectivityService(  595): handleCaptivePortalTrackerCheck: call captivePortalCheckComplete ni=NetworkInfo: type: WIFI[], state: CONNECTING/CAPTIVE_PORTAL_CHECK, reason: (unspecified), extra: "UCLA_WEB", roaming: false, failover: false, isAvailable: true, isConnectedToProvisioningNetwork: false
D/ConnectivityService(  595): ConnectivityChange for WIFI: CONNECTED/CONNECTED
E/ConnectivityService(  595): Unexpected mtu value: android.net.wifi.WifiStateTracker@421e43a0
D/ConnectivityService(  595): handleConnectivityChange: address are the same reset per doReset linkProperty[1]: resetMask=0
D/Nat464Xlat(  595): requiresClat: netType=1, hasIPv4Address=true
D/ConnectivityService(  595): NetTransition Wakelock for ConnectedState released by timeout
D/ConnectivityService(  595): handleInetConditionHoldEnd: net=1, condition=100, published condition=0
W/ActivityManager(  595): No content provider found for permission revoke: file:///data/local/tmp/HelloWorld-debug-unaligned.apk
W/ActivityManager(  595): No content provider found for permission revoke: file:///data/local/tmp/HelloWorld-debug-unaligned.apk
I/PackageManager(  595): Copying native libraries to /data/app-lib/vmdl1642083691
I/ActivityManager(  595): Force stopping com.phonegap.helloworld appid=10045 user=-1: uninstall pkg
I/ActivityManager(  595): Killing 5594:com.phonegap.helloworld/u0a45 (adj 0): stop com.phonegap.helloworld
W/ActivityManager(  595): Force removing ActivityRecord{4228cd18 u0 com.phonegap.helloworld/.HelloWorld t9}: app died, no saved state
I/WindowState(  595): WIN DEATH: Window{424513e0 u0 com.phonegap.helloworld/com.phonegap.helloworld.HelloWorld}
I/PackageManager(  595): Package com.phonegap.helloworld codePath changed from /data/app/com.phonegap.helloworld-1.apk to /data/app/com.phonegap.helloworld-2.apk; Retaining data and using new
W/InputMethodManagerService(  595): Got RemoteException sending setActive(false) notification to pid 5594 uid 10045
W/PackageManager(  595): Code path for pkg : com.phonegap.helloworld changing from /data/app/com.phonegap.helloworld-1.apk to /data/app/com.phonegap.helloworld-2.apk
I/ActivityManager(  595): Force stopping com.phonegap.helloworld appid=10045 user=-1: update pkg
W/PackageManager(  595): Resource path for pkg : com.phonegap.helloworld changing from /data/app/com.phonegap.helloworld-1.apk to /data/app/com.phonegap.helloworld-2.apk
I/ActivityManager(  595): Force stopping com.phonegap.helloworld appid=10045 user=0: pkg removed
W/ContextImpl( 2299): Calling a method in the system process without a qualified user: android.app.ContextImpl.startService:1479 android.content.ContextWrapper.startService:494 android.content.ContextWrapper.startService:494 com.android.keychain.KeyChainBroadcastReceiver.onReceive:12 android.app.ActivityThread.handleReceiver:2419 
D/BackupManagerService(  595): Received broadcast Intent { act=android.intent.action.PACKAGE_REMOVED dat=package:com.phonegap.helloworld flg=0x4000010 (has extras) }
I/ActivityManager(  595): Delay finish: com.google.android.googlequicksearchbox/.GelStubAppWatcher
I/ActivityManager(  595): Resuming delayed broadcast
D/BackupManagerService(  595): Received broadcast Intent { act=android.intent.action.PACKAGE_ADDED dat=package:com.phonegap.helloworld flg=0x4000010 (has extras) }
V/BackupManagerService(  595): removePackageParticipantsLocked: uid=10045 #1
V/BackupManagerService(  595): addPackageParticipantsLocked: #1
I/ActivityManager(  595): Delay finish: com.google.android.googlequicksearchbox/com.google.android.search.core.summons.icing.InternalIcingCorporaProvider$CorporaChangedReceiver
I/ActivityManager(  595): Resuming delayed broadcast
I/ActivityManager(  595): START u0 {act=android.intent.action.MAIN flg=0x10000000 cmp=com.phonegap.helloworld/.HelloWorld} from pid 6083
I/ActivityManager(  595): Start proc com.phonegap.helloworld for activity com.phonegap.helloworld/.HelloWorld: pid=6094 uid=10045 gids={50045, 3003}
W/InputMethodManagerService(  595): Window already focused, ignoring focus gain of: com.android.internal.view.IInputMethodClient$Stub$Proxy@423d3a50 attribute=null, token = android.os.BinderProxy@42522568
W/InputMethodManagerService(  595): Window already focused, ignoring focus gain of: com.android.internal.view.IInputMethodClient$Stub$Proxy@423f4e28 attribute=null, token = android.os.BinderProxy@42522568
I/ProcessStatsService(  595): Prepared write state in 15ms
I/ActivityManager(  595): Start proc com.google.android.talk for broadcast com.google.android.talk/com.google.android.apps.babel.realtimechat.RealTimeChatService$AlarmReceiver: pid=6333 uid=10030 gids={50030, 3003, 1028, 1015, 3002}
D/ConnectivityService(  595): Sampling interval elapsed, updating statistics ..
D/ConnectivityService(  595): Done.
D/ConnectivityService(  595): Setting timer for 720seconds
D/ConnectivityService(  595): Captive portal check NetworkInfo: type: WIFI[], state: CONNECTING/CAPTIVE_PORTAL_CHECK, reason: (unspecified), extra: "UCLA_WEB", roaming: false, failover: false, isAvailable: true, isConnectedToProvisioningNetwork: false
D/ConnectivityService(  595): handleCaptivePortalTrackerCheck: call captivePortalCheckComplete ni=NetworkInfo: type: WIFI[], state: CONNECTING/CAPTIVE_PORTAL_CHECK, reason: (unspecified), extra: "UCLA_WEB", roaming: false, failover: false, isAvailable: true, isConnectedToProvisioningNetwork: false
D/ConnectivityService(  595): ConnectivityChange for WIFI: CONNECTED/CONNECTED
E/ConnectivityService(  595): Unexpected mtu value: android.net.wifi.WifiStateTracker@421e43a0
D/ConnectivityService(  595): handleConnectivityChange: address are the same reset per doReset linkProperty[1]: resetMask=0
D/Nat464Xlat(  595): requiresClat: netType=1, hasIPv4Address=true
D/ConnectivityService(  595): handleInetConditionHoldEnd: net=1, condition=100, published condition=0
D/ConnectivityService(  595): handleInetConditionHoldEnd: event hold for obsolete network - ignoring
